Godot Engine v4.7.2.stable.mono.official.ed1daf0bf - https://godotengine.org
Vulkan 1.4.341 - Forward+ - Using Device #0: NVIDIA - NVIDIA GeForce RTX 5060 Ti

[parts] 本次搭建地形部件：资源 517 件、程序生成 0 件（res://parts/terrain）
[batch] 障碍装饰合批 517 格：变体 15 种、MultiMesh 96 个、实例 3088 个；未合批（逐格各建节点）0 格；场景面砖 517 格、MultiMesh 1 个
[siege] 地图 board:1，对局种子 7，你是 红方(P0)，AI 难度 标准（Standard，前瞻宽度 0），AI 评价权重 EvaluationWeights { PowerGain = 10, EnemyLoss = 8, Relic = 6, Safety = 35, Growth = 4, Initiative = 20, Supply = 2, Eye = 200, Threat = 25 }，自动演示模式（跑满 2 个大回合停止）
[parts] 本次搭建地形部件：资源 517 件、程序生成 0 件（res://parts/terrain）
[batch] 障碍装饰合批 517 格：变体 15 种、MultiMesh 96 个、实例 3088 个；未合批（逐格各建节点）0 格；场景面砖 517 格、MultiMesh 1 个
[camera] 第 0 帧（开局对准出生平台）注视点 (-10.922, 0.5)，距离 12.646
[show] 第 1 帧 AI结算：节拍 3（落子 2 / 提子 0 / 信物 1 / 势力 4 / 横幅 0），零时长
[show] 第 12 帧 本机结算：节拍 2（落子 1 / 提子 0 / 信物 0 / 势力 3 / 横幅 0），零时长
[show] 第 12 帧 AI结算：节拍 3（落子 3 / 提子 0 / 信物 1 / 势力 4 / 横幅 0），零时长
[show] 第 13 帧 AI结算：节拍 3（落子 3 / 提子 0 / 信物 1 / 势力 3 / 横幅 0），零时长
[show] 第 14 帧 AI结算：节拍 2（落子 2 / 提子 0 / 信物 0 / 势力 1 / 横幅 0），零时长
[show] 第 15 帧 AI结算：节拍 2（落子 2 / 提子 0 / 信物 0 / 势力 1 / 横幅 0），零时长
[show] 第 16 帧 AI结算：节拍 2（落子 2 / 提子 0 / 信物 0 / 势力 1 / 横幅 0），零时长
[auto-demo] 第 20 帧暂放匠人 F10：已选 立栅 D10–E10，可改造目标 16 个（桥 0 / 栅 16 / 林 0）；格目标 无；工坊 未生效
[terrain-edit] 第 26 帧、第 3 大回合落成：立栅 D10–E10
[parts] 本次搭建地形部件：资源 518 件、程序生成 0 件（res://parts/terrain）
[batch] 障碍装饰合批 517 格：变体 15 种、MultiMesh 96 个、实例 3088 个；未合批（逐格各建节点）0 格；场景面砖 517 格、MultiMesh 1 个
[show] 第 27 帧 本机结算：节拍 2（落子 1 / 提子 0 / 信物 0 / 势力 1 / 横幅 0），1150 ms
[life-shape] 截图取景：当前行动 紫方(P3)，禁入格 0，已活棋串 0，棋串读法 关
[siege] 截图 E:/wws/geme_demo/.trellis/tasks/10-03-board-render-perf/baseline/after-batch/board1-show-placement.png：Ok（1600×900，第 35 帧，第 3 大回合，信息层 关，手牌信息面板 关，中央面板 关）
[siege] 势力栏：红方(P0) 势力 7（领地 5 + 棋串 2）；蓝方(P1) 势力 23（领地 9 + 棋串 14）；金方(P2) 势力 19（领地 12 + 棋串 7）；紫方(P3) 势力 23（领地 15 + 棋串 8）
[siege] 独占格 41（红方(P0) 5、蓝方(P1) 9、金方(P2) 12、紫方(P3) 15）
[siege] 势力排名面板 左 1243 右 1586 / 视口宽 1600：完整可见
[siege] 棋子：普通子 7（E10、N19、O19、AB19、AA20、AF21、AE22）；堡垒子 5（AD20、M22、W22、V23、U24）；倍增子 3（L21、X23、W24）；匠人 1（F10）
[siege] 本局改造 1 处：立栅 D10–E10
[carry] 补给面板 关，结算面板 关；补给 —；档案存取 无（不读写档案）
[siege] 落成反馈：立栅 D10–E10
[show] 截图时演出：当前节拍 PlacementBeat，进度 512‰，时长模式 Normal；隐藏 0 枚，出现中 F10 512‰，仍显示被提  淡出 0‰，势力显示 红方(P0) 4→7 现显示 4 +3 旧值；飘字 1 条（F10 匠人 · 2 年龄 213‰），合计 无，信物闪光 无，横幅 无，中央面板 关
[perf] 帧率 9，单帧处理 130.5 ms，绘制调用 2161，对象 2325，图元 254315；相机注视点 (-10.922, 0.5) 距离 12.646
