Godot Engine v4.7.2.stable.mono.official.ed1daf0bf - https://godotengine.org
Metal 4.0 - Forward+ - Using Device #0: Apple - Apple M3 (Apple9)

[parts] 本次搭建地形部件：资源 2529 件、程序生成 0 件（res://parts/terrain）
[batch] 障碍装饰合批 517 格：变体 20 种、子网格 29 个归入 MultiMesh 29 个、实例 767 个；未合批（逐格各建节点）0 格；场景面砖 517 格、MultiMesh 1 个
[batch] 地砖与台面归并（节点逐格保留，共用资源）：面砖材质 7 份、衬底材质 6 份、描边 / 边框材质 1 份、盒网格 9 份
[siege] 地图 board:1，对局种子 20260915，你是 红方(P0)，AI 难度 标准（Standard，前瞻宽度 0），AI 评价权重 EvaluationWeights { PowerGain = 10, EnemyLoss = 8, Relic = 6, Safety = 35, Growth = 4, Initiative = 20, Supply = 2, Eye = 200, Threat = 25 }，自动演示模式（跑满 4 个大回合停止）
[parts] 本次搭建地形部件：资源 2529 件、程序生成 0 件（res://parts/terrain）
[batch] 障碍装饰合批 517 格：变体 20 种、子网格 29 个归入 MultiMesh 29 个、实例 767 个；未合批（逐格各建节点）0 格；场景面砖 517 格、MultiMesh 1 个
[batch] 地砖与台面归并（节点逐格保留，共用资源）：面砖材质 15 份、衬底材质 14 份、描边 / 边框材质 5 份、盒网格 9 份
[camera] 第 0 帧（开局对准出生平台）注视点 (-10.922, 0.5)，距离 12.646
[show] 第 1 帧 AI结算：节拍 3（落子 2 / 提子 0 / 信物 1 / 势力 4 / 横幅 0），零时长
2026-10-04 21:26:58.264 Godot[97363:884766] error messaging the mach port for IMKCFRunLoopWakeUpReliable
[auto-demo] 第 5 帧暂放匠人 E10：已选 立栅 C10–D10，可改造目标 16 个（桥 0 / 栅 16 / 林 0）；格目标 无；工坊 未生效
[terrain-edit] 第 11 帧、第 1 大回合落成：立栅 C10–D10
[parts] 本次搭建地形部件：资源 2530 件、程序生成 0 件（res://parts/terrain）
[batch] 障碍装饰合批 517 格：变体 20 种、子网格 29 个归入 MultiMesh 29 个、实例 767 个；未合批（逐格各建节点）0 格；场景面砖 517 格、MultiMesh 1 个
[batch] 地砖与台面归并（节点逐格保留，共用资源）：面砖材质 15 份、衬底材质 14 份、描边 / 边框材质 5 份、盒网格 9 份
[show] 第 12 帧 本机结算：节拍 2（落子 1 / 提子 0 / 信物 0 / 势力 3 / 横幅 0），零时长
[show] 第 12 帧 AI结算：节拍 3（落子 2 / 提子 0 / 信物 1 / 势力 3 / 横幅 0），零时长
[show] 第 13 帧 AI结算：节拍 3（落子 3 / 提子 0 / 信物 1 / 势力 3 / 横幅 0），零时长
[show] 第 14 帧 AI结算：节拍 2（落子 3 / 提子 0 / 信物 0 / 势力 2 / 横幅 0），零时长
[show] 第 15 帧 AI结算：节拍 2（落子 1 / 提子 0 / 信物 0 / 势力 1 / 横幅 0），零时长
[terrain-edit] 第 15 帧、第 2 大回合落成：立栅 M21–N21
[parts] 本次搭建地形部件：资源 2531 件、程序生成 0 件（res://parts/terrain）
[batch] 障碍装饰合批 517 格：变体 20 种、子网格 29 个归入 MultiMesh 29 个、实例 767 个；未合批（逐格各建节点）0 格；场景面砖 517 格、MultiMesh 1 个
[batch] 地砖与台面归并（节点逐格保留，共用资源）：面砖材质 15 份、衬底材质 14 份、描边 / 边框材质 5 份、盒网格 9 份
[show] 第 16 帧 AI结算：节拍 2（落子 1 / 提子 0 / 信物 0 / 势力 1 / 横幅 0），零时长
[terrain-edit] 第 16 帧、第 2 大回合落成：立栅 AD21–AE21
[parts] 本次搭建地形部件：资源 2532 件、程序生成 0 件（res://parts/terrain）
[batch] 障碍装饰合批 517 格：变体 20 种、子网格 29 个归入 MultiMesh 29 个、实例 767 个；未合批（逐格各建节点）0 格；场景面砖 517 格、MultiMesh 1 个
[batch] 地砖与台面归并（节点逐格保留，共用资源）：面砖材质 15 份、衬底材质 14 份、描边 / 边框材质 5 份、盒网格 9 份
[show] 第 27 帧 本机结算：节拍 2（落子 1 / 提子 0 / 信物 0 / 势力 1 / 横幅 0），零时长
[show] 第 27 帧 AI结算：节拍 2（落子 2 / 提子 0 / 信物 0 / 势力 1 / 横幅 0），零时长
[show] 第 28 帧 AI结算：节拍 2（落子 3 / 提子 0 / 信物 0 / 势力 2 / 横幅 0），1650 ms
[camera] 第 28 帧 跟随对手：3 个目标格不在画面中央，镜头移过去
[camera] 第 28 帧（跟随对手）注视点 (-10.886, 0.457)，距离 12.646
[camera] 第 29 帧（跟随对手）注视点 (-10.783, 0.335)，距离 12.646
[camera] 第 30 帧（跟随对手）注视点 (-10.619, 0.141)，距离 12.646
[camera] 第 31 帧（跟随对手）注视点 (-10.401, -0.117)，距离 12.646
[camera] 第 32 帧（跟随对手）注视点 (-10.135, -0.43)，距离 12.646
[camera] 第 33 帧（跟随对手）注视点 (-9.83, -0.791)，距离 12.646
[camera] 第 34 帧（跟随对手）注视点 (-9.491, -1.192)，距离 12.646
[camera] 第 35 帧（跟随对手）注视点 (-9.125, -1.624)，距离 12.646
[camera] 第 36 帧（跟随对手）注视点 (-8.74, -2.08)，距离 12.646
[camera] 第 37 帧（跟随对手）注视点 (-8.341, -2.551)，距离 12.646
[camera] 第 38 帧（跟随对手）注视点 (-7.936, -3.03)，距离 12.646
[camera] 第 39 帧（跟随对手）注视点 (-7.531, -3.508)，距离 12.646
[camera] 第 40 帧（跟随对手）注视点 (-7.133, -3.978)，距离 12.646
[camera] 第 41 帧（跟随对手）注视点 (-6.75, -4.432)，距离 12.646
[camera] 第 42 帧（跟随对手）注视点 (-6.387, -4.86)，距离 12.646
[camera] 第 43 帧（跟随对手）注视点 (-6.052, -5.256)，距离 12.646
[camera] 第 44 帧（跟随对手）注视点 (-5.751, -5.612)，距离 12.646
[camera] 第 45 帧（跟随对手）注视点 (-5.492, -5.919)，距离 12.646
[camera] 第 46 帧（跟随对手）注视点 (-5.28, -6.169)，距离 12.646
[camera] 第 47 帧（跟随对手）注视点 (-5.123, -6.355)，距离 12.646
[camera] 第 48 帧（跟随对手）注视点 (-5.028, -6.467)，距离 12.646
[camera] 第 49 帧（跟随对手）注视点 (-5, -6.5)，距离 12.646
[life-shape] 截图取景：当前行动 紫方(P3)，禁入格 0，已活棋串 0，棋串读法 关
[siege] 截图 /Users/rubioc/game_demo/art/follow-opponent/board1-follow.png：Ok（1600×900，第 74 帧，第 3 大回合，信息层 关，手牌信息面板 关，中央面板 关）
[siege] 势力栏：红方(P0) 势力 7（领地 5 + 棋串 2）；蓝方(P1) 势力 26（领地 13 + 棋串 13）；金方(P2) 势力 31（领地 16 + 棋串 15）；紫方(P3) 势力 11（领地 8 + 棋串 3）
[siege] 独占格 42（红方(P0) 5、蓝方(P1) 13、金方(P2) 16、紫方(P3) 8）
[siege] 势力排名面板 左 1259 右 1586 / 视口宽 1600：完整可见
[siege] 棋子：普通子 6（F3、H3、G4、H5、G6、F10）；堡垒子 4（D4、O19、P20、L21）；连珠子 4（F5、O21、AF21、M22）；倍增子 1（AE22）；协同子 1（E4）；匠人 3（E10、M20、AE20）
[siege] 本局改造 3 处：立栅 C10–D10、立栅 M21–N21、立栅 AD21–AE21
[carry] 补给面板 关，结算面板 关；补给 —；档案存取 无（不读写档案）
[siege] 落成反馈：无
[show] 截图时演出：当前节拍 PlacementBeat，进度 512‰，时长模式 Normal；隐藏 1 枚，出现中 P20 536‰，仍显示被提  淡出 0‰，势力显示 蓝方(P1) 26→26 现显示 26 ±0 旧值 名次 1→2；金方(P2) 14→31 现显示 14 +17 旧值 名次 2→1；飘字 2 条（O19 堡垒子 · 4 年龄 274‰、P20 堡垒子 · 4 年龄 95‰），合计 无，信物闪光 无，横幅 无，中央面板 关
[show-perf] 演出帧 23 个；上一演出帧棋子节点 新建 0 / 销毁 0 / 原位更新 1 / 保持原实例 17；累计 新建 2 / 销毁 0 / 原位更新 22
[perf] 帧率 32，单帧处理 79.4 ms，绘制调用 659，对象 2298，图元 237677；相机注视点 (-5, -6.5) 距离 12.646
