Godot Engine v4.7.2.stable.mono.official.ed1daf0bf - https://godotengine.org
Metal 4.0 - Forward+ - Using Device #0: Apple - Apple M3 (Apple9)

[parts] 本次搭建地形部件：资源 517 件、程序生成 0 件（res://parts/terrain）
[batch] 障碍装饰合批 517 格：变体 15 种、子网格 96 个归入 MultiMesh 58 个、实例 3088 个；未合批（逐格各建节点）0 格；场景面砖 517 格、MultiMesh 1 个
[batch] 地砖与台面归并（节点逐格保留，共用资源）：面砖材质 7 份、衬底材质 6 份、描边 / 边框材质 2 份、盒网格 22 份
[siege] 地图 board:1，对局种子 20260915，你是 红方(P0)，AI 难度 标准（Standard，前瞻宽度 0），AI 评价权重 EvaluationWeights { PowerGain = 10, EnemyLoss = 8, Relic = 6, Safety = 35, Growth = 4, Initiative = 20, Supply = 2, Eye = 200, Threat = 25 }，自动演示模式（跑满 4 个大回合停止）
[parts] 本次搭建地形部件：资源 517 件、程序生成 0 件（res://parts/terrain）
[batch] 障碍装饰合批 517 格：变体 15 种、子网格 96 个归入 MultiMesh 58 个、实例 3088 个；未合批（逐格各建节点）0 格；场景面砖 517 格、MultiMesh 1 个
[batch] 地砖与台面归并（节点逐格保留，共用资源）：面砖材质 15 份、衬底材质 14 份、描边 / 边框材质 6 份、盒网格 22 份
[camera] 第 0 帧（开局对准出生平台）注视点 (-10.922, 0.5)，距离 12.646
[life-shape] 截图取景：当前行动 金方(P2)，禁入格 0，已活棋串 0，棋串读法 关
[siege] 截图 /Users/rubioc/game_demo/art/map-elements-v2/before/board1.png：Ok（1600×900，第 1 帧，第 1 大回合，信息层 关，手牌信息面板 关，中央面板 关）
[siege] 势力栏：红方(P0) 势力 0（领地 0 + 棋串 0）；蓝方(P1) 势力 0（领地 0 + 棋串 0）；金方(P2) 势力 0（领地 0 + 棋串 0）；紫方(P3) 势力 0（领地 0 + 棋串 0）
[siege] 独占格 0（）
[siege] 势力排名面板 左 1266 右 1586 / 视口宽 1600：完整可见
[siege] 棋子：
[siege] 本局改造 0 处：
[carry] 补给面板 关，结算面板 关；补给 —；档案存取 无（不读写档案）
[siege] 落成反馈：无
[show] 截图时演出：无（遮罩为空，画面即结算后快照）
[perf] 帧率 1，单帧处理 0.0 ms，绘制调用 520，对象 2101，图元 250949；相机注视点 (-10.922, 0.5) 距离 12.646
[perf-steady] 取图后冻结 3.01 秒共 361 帧：平均 120.0 帧/秒（帧间隔 8.33 ms）；引擎最近一秒读数 帧率 120，单帧处理 9.63 ms；绘制调用 520，对象 2101，图元 250949；垂直同步 Enabled
