Godot Engine v4.7.2.stable.mono.official.ed1daf0bf - https://godotengine.org

[parts] 本次搭建地形部件：资源 600 件、程序生成 0 件（res://parts/terrain）
[batch] 障碍装饰合批 600 格：变体 15 种、MultiMesh 96 个、实例 3559 个；未合批（逐格各建节点）0 格；场景面砖 600 格、MultiMesh 1 个
[siege] 选图界面：当前 board:425975872（点「开始」后建局；命令行给 --map=<标识> 可跳过选图）
[camera] 第 0 帧（全局预览）注视点 (0, 0)，距离 45.294
[parts] 本次搭建地形部件：资源 214 件、程序生成 0 件（res://parts/terrain）
[batch] 障碍装饰合批 173 格：变体 15 种、MultiMesh 96 个、实例 1010 个；未合批（逐格各建节点）0 格；场景面砖 0 格、MultiMesh 0 个
[siege] 选图预览：gen:425975872:s1
[map-select] 自检第 0 步「选中随机图」→ gen:425975872:s1（25×30，6 个出生区，可落子 374 格；全局预览 关）：通过
[camera] 第 1 帧（全局预览）注视点 (0, 0)，距离 38.397
[parts] 本次搭建地形部件：资源 222 件、程序生成 0 件（res://parts/terrain）
[batch] 障碍装饰合批 193 格：变体 15 种、MultiMesh 96 个、实例 1146 个；未合批（逐格各建节点）0 格；场景面砖 0 格、MultiMesh 0 个
[siege] 选图预览：gen:933248835:s1
[map-select] 自检第 1 步「换一张」→ gen:933248835:s1（25×30，6 个出生区，可落子 339 格；全局预览 开）：通过
[parts] 本次搭建地形部件：资源 228 件、程序生成 0 件（res://parts/terrain）
[batch] 障碍装饰合批 189 格：变体 15 种、MultiMesh 96 个、实例 1122 个；未合批（逐格各建节点）0 格；场景面砖 0 格、MultiMesh 0 个
[siege] 选图预览：gen:933248835:p7:s1
[map-select] 自检第 2 步「平台数 +1（到上限则 −1）」→ gen:933248835:p7:s1（25×30，7 个出生区，可落子 351 格；全局预览 开）：通过
[map-select] 自检第 3 步「输入非法种子 abc」→ gen:933248835:p7:s1（25×30，7 个出生区，可落子 351 格；全局预览 开）：通过
[parts] 本次搭建地形部件：资源 186 件、程序生成 0 件（res://parts/terrain）
[batch] 障碍装饰合批 152 格：变体 15 种、MultiMesh 96 个、实例 902 个；未合批（逐格各建节点）0 格；场景面砖 0 格、MultiMesh 0 个
[siege] 选图预览：gen:12345:p7:s1
[map-select] 自检第 4 步「输入种子 12345」→ gen:12345:p7:s1（25×30，7 个出生区，可落子 375 格；全局预览 开）：通过
[parts] 本次搭建地形部件：资源 492 件、程序生成 0 件（res://parts/terrain）
[batch] 障碍装饰合批 492 格：变体 15 种、MultiMesh 96 个、实例 2897 个；未合批（逐格各建节点）0 格；场景面砖 492 格、MultiMesh 1 个
[siege] 选图预览：board:12345
[map-select] 自检第 5 步「选中棋盘图」→ board:12345（24×40，5 个出生区，可落子 468 格，棋盘 7 块（出生 5、公共 2）；全局预览 关）：通过
[camera] 第 6 帧（全局预览）注视点 (0, 0)，距离 49.893
[parts] 本次搭建地形部件：资源 530 件、程序生成 0 件（res://parts/terrain）
[batch] 障碍装饰合批 530 格：变体 15 种、MultiMesh 96 个、实例 3060 个；未合批（逐格各建节点）0 格；场景面砖 530 格、MultiMesh 1 个
[siege] 选图预览：board:686372970
[map-select] 自检第 6 步「棋盘图换一张」→ board:686372970（34×30，5 个出生区，可落子 490 格，棋盘 7 块（出生 5、公共 2）；全局预览 关）：通过
[camera] 第 7 帧（全局预览）注视点 (0, 0)，距离 42.995
[parts] 本次搭建地形部件：资源 687 件、程序生成 0 件（res://parts/terrain）
[batch] 障碍装饰合批 687 格：变体 15 种、MultiMesh 96 个、实例 4047 个；未合批（逐格各建节点）0 格；场景面砖 687 格、MultiMesh 1 个
[siege] 选图预览：board:686372970:n8
[map-select] 自检第 7 步「棋盘数 +1（到上限则 −1）」→ board:686372970:n8（36×37，5 个出生区，可落子 645 格，棋盘 8 块（出生 5、公共 3）；全局预览 关）：通过
[camera] 第 8 帧（全局预览）注视点 (0, 0)，距离 46.444
[parts] 本次搭建地形部件：资源 48 件、程序生成 0 件（res://parts/terrain）
[batch] 障碍装饰合批 36 格：变体 14 种、MultiMesh 91 个、实例 249 个；未合批（逐格各建节点）0 格；场景面砖 0 格、MultiMesh 0 个
[siege] 选图预览：siege-4p-base-v5
[map-select] 自检第 8 步「选中第 1 项内置图」→ siege-4p-base-v5（13×13，4 个出生区，可落子 105 格；全局预览 关）：通过
[parts] 本次搭建地形部件：资源 22 件、程序生成 0 件（res://parts/terrain）
[batch] 障碍装饰合批 14 格：变体 9 种、MultiMesh 62 个、实例 101 个；未合批（逐格各建节点）0 格；场景面砖 0 格、MultiMesh 0 个
[siege] 选图预览：siege-2p-base-v1
[map-select] 自检第 9 步「选中第 2 项内置图」→ siege-2p-base-v1（9×9，2 个出生区，可落子 61 格；全局预览 关）：通过
[parts] 本次搭建地形部件：资源 37 件、程序生成 0 件（res://parts/terrain）
[batch] 障碍装饰合批 26 格：变体 11 种、MultiMesh 68 个、实例 166 个；未合批（逐格各建节点）0 格；场景面砖 0 格、MultiMesh 0 个
[siege] 选图预览：siege-3p-base-v1
[map-select] 自检第 10 步「选中第 3 项内置图」→ siege-3p-base-v1（11×11，3 个出生区，可落子 86 格；全局预览 关）：通过
[parts] 本次搭建地形部件：资源 199 件、程序生成 0 件（res://parts/terrain）
[batch] 障碍装饰合批 187 格：变体 15 种、MultiMesh 96 个、实例 1099 个；未合批（逐格各建节点）0 格；场景面砖 0 格、MultiMesh 0 个
[siege] 选图预览：siege-frontier-v2
[map-select] 自检第 11 步「选中第 4 项内置图」→ siege-frontier-v2（25×30，6 个出生区，可落子 411 格；全局预览 关）：通过
[camera] 第 12 帧（全局预览）注视点 (0, 0)，距离 38.397
[parts] 本次搭建地形部件：资源 600 件、程序生成 0 件（res://parts/terrain）
[batch] 障碍装饰合批 600 格：变体 15 种、MultiMesh 96 个、实例 3559 个；未合批（逐格各建节点）0 格；场景面砖 600 格、MultiMesh 1 个
[siege] 选图预览：board:425975872
[map-select] 自检第 12 步「回到进入时的那一项」→ board:425975872（30×36，5 个出生区，可落子 480 格，棋盘 7 块（出生 5、公共 2）；全局预览 关）：通过
[camera] 第 13 帧（全局预览）注视点 (0, 0)，距离 45.294
[parts] 本次搭建地形部件：资源 600 件、程序生成 0 件（res://parts/terrain）
[batch] 障碍装饰合批 600 格：变体 15 种、MultiMesh 96 个、实例 3559 个；未合批（逐格各建节点）0 格；场景面砖 600 格、MultiMesh 1 个
[camera] 第 13 帧（选图确认）注视点 (0, 0)，距离 28
[siege] 地图 board:425975872，对局种子 20260915，你是 红方(P0)，AI 难度 标准（Standard，前瞻宽度 0），AI 评价权重 EvaluationWeights { PowerGain = 10, EnemyLoss = 8, Relic = 6, Safety = 35, Growth = 4, Initiative = 20, Supply = 2, Eye = 200, Threat = 25 }，自动演示模式（跑满 2 个大回合停止）
[map-select] 自检第 13 步「开始（棋盘节点 1631 / 进入时 1631，游离节点 0 / 进入时 0）」→ 已建局 board:425975872：通过
[parts] 本次搭建地形部件：资源 600 件、程序生成 0 件（res://parts/terrain）
[batch] 障碍装饰合批 600 格：变体 15 种、MultiMesh 96 个、实例 3559 个；未合批（逐格各建节点）0 格；场景面砖 600 格、MultiMesh 1 个
[camera] 第 14 帧（开局对准出生平台）注视点 (-10, -10)，距离 11.496
[show] 第 15 帧 AI结算：节拍 3（落子 3 / 提子 0 / 信物 1 / 势力 4 / 横幅 0），零时长
[auto-demo] 第 19 帧暂放匠人 C26：已选 立栅 A26–B26，可改造目标 16 个（桥 0 / 栅 16 / 林 0）；格目标 无；工坊 未生效
[terrain-edit] 第 25 帧、第 1 大回合落成：立栅 A26–B26
[parts] 本次搭建地形部件：资源 601 件、程序生成 0 件（res://parts/terrain）
[batch] 障碍装饰合批 600 格：变体 15 种、MultiMesh 96 个、实例 3559 个；未合批（逐格各建节点）0 格；场景面砖 600 格、MultiMesh 1 个
[show] 第 26 帧 本机结算：节拍 2（落子 1 / 提子 0 / 信物 0 / 势力 3 / 横幅 0），零时长
[show] 第 26 帧 AI结算：节拍 3（落子 2 / 提子 0 / 信物 1 / 势力 3 / 横幅 0），零时长
[show] 第 27 帧 AI结算：节拍 3（落子 3 / 提子 0 / 信物 1 / 势力 3 / 横幅 0），零时长
[show] 第 28 帧 AI结算：节拍 2（落子 3 / 提子 0 / 信物 0 / 势力 1 / 横幅 0），零时长
[show] 第 29 帧 AI结算：节拍 2（落子 3 / 提子 0 / 信物 0 / 势力 1 / 横幅 0），零时长
[show] 第 30 帧 AI结算：节拍 2（落子 2 / 提子 0 / 信物 0 / 势力 1 / 横幅 0），零时长
[terrain-edit] 第 30 帧、第 2 大回合落成：立栅 Y27–Y28
[parts] 本次搭建地形部件：资源 602 件、程序生成 0 件（res://parts/terrain）
[batch] 障碍装饰合批 600 格：变体 15 种、MultiMesh 96 个、实例 3559 个；未合批（逐格各建节点）0 格；场景面砖 600 格、MultiMesh 1 个
[show] 第 41 帧 本机结算：节拍 3（落子 1 / 提子 0 / 信物 1 / 势力 1 / 横幅 0），零时长
[auto-demo] 演示停止：跑满 2 个大回合（--rounds 停止点，不是终局；对局停在第 3 大回合）；无名次
[perf] 启动到首帧 546 ms，启动到终局 3409 ms，共 41 帧
[sound] 音频节点 0（无人值守：不创建音效节点、不合成波形）
[camera] 开局对准自检：出生平台 36 格，整格在画面内 36；开局对准之后位姿变化 0 次（对手行动时相机不得移动）；通过
