Godot Engine v4.7.2.stable.mono.official.ed1daf0bf - https://godotengine.org

[parts] 本次搭建地形部件：资源 3809 件、程序生成 0 件（res://parts/terrain）
[batch] 障碍装饰合批 1134 格：变体 20 种、子网格 29 个归入 MultiMesh 29 个、实例 1660 个；未合批（逐格各建节点）0 格；场景面砖 1134 格、MultiMesh 1 个
[batch] 地砖与台面归并（节点逐格保留，共用资源）：面砖材质 5 份、衬底材质 4 份、描边 / 边框材质 1 份、盒网格 8 份
[siege] 地图 siege-4p-board-v1，对局种子 20260915，你是 红方(P0)，AI 难度 标准（Standard，前瞻宽度 0），AI 评价权重 EvaluationWeights { PowerGain = 10, EnemyLoss = 8, Relic = 6, Safety = 35, Growth = 4, Initiative = 20, Supply = 2, Eye = 200, Threat = 25 }，自动演示模式（跑满 4 个大回合停止）
[parts] 本次搭建地形部件：资源 3809 件、程序生成 0 件（res://parts/terrain）
[batch] 障碍装饰合批 1134 格：变体 20 种、子网格 29 个归入 MultiMesh 29 个、实例 1660 个；未合批（逐格各建节点）0 格；场景面砖 1134 格、MultiMesh 1 个
[batch] 地砖与台面归并（节点逐格保留，共用资源）：面砖材质 13 份、衬底材质 12 份、描边 / 边框材质 5 份、盒网格 8 份
[camera] 第 0 帧（开局对准出生平台）注视点 (15, -9)，距离 12.646
[show] 第 1 帧 AI结算：节拍 4（落子 3 / 提子 0 / 信物 1 / 揭示 3·最高 1 档 / 势力 4 / 横幅 0），零时长
[pick-check] 逐格居中·最近（距离 8.047）：可落子格 465，往返一致 465，纵深夹取后落在注视点远侧、被紧邻的更近高台遮挡 0，失败 0
[pick-check] 逐格居中·最远（距离 28）：可落子格 465，往返一致 465，纵深夹取后落在注视点远侧、被紧邻的更近高台遮挡 0，失败 0
[pick-check] 逐格居中·合计：至少在一种缩放下严格往返的格 465 / 465
[pick-check] 位姿「中心」注视点 (0, 0) 距离 15.011：画面内可落子格 195，往返一致 195，被更近的高台遮挡 0，失败 0
[pick-check] 位姿「左上角」注视点 (-17.7, -18.7) 距离 8.047：画面内可落子格 0，往返一致 0，被更近的高台遮挡 0，失败 0（该角视野内没有可落子格，无可验）
[pick-check] 位姿「右上角」注视点 (17.7, -18.7) 距离 8.047：画面内可落子格 0，往返一致 0，被更近的高台遮挡 0，失败 0（该角视野内没有可落子格，无可验）
[pick-check] 位姿「左下角」注视点 (-17.7, 18.7) 距离 8.047：画面内可落子格 0，往返一致 0，被更近的高台遮挡 0，失败 0（该角视野内没有可落子格，无可验）
[pick-check] 位姿「右下角」注视点 (17.7, 18.7) 距离 8.047：画面内可落子格 0，往返一致 0，被更近的高台遮挡 0，失败 0（该角视野内没有可落子格，无可验）
[pick-check] 位姿「最近」注视点 (0, 0) 距离 8.047：画面内可落子格 71，往返一致 71，被更近的高台遮挡 0，失败 0
[pick-check] 位姿「最远」注视点 (0, 0) 距离 28：画面内可落子格 379，往返一致 379，被更近的高台遮挡 0，失败 0
[pick-check] 位姿「全局预览」注视点 (0, 0) 距离 51.043：画面内可落子格 465，往返一致 465，被更近的高台遮挡 0，失败 0
[pick-check] 可落子格 465，至少在一个位姿下验到 465；通过
