Godot Engine v4.7.2.stable.mono.official.ed1daf0bf - https://godotengine.org
Vulkan 1.4.341 - Forward+ - Using Device #0: NVIDIA - NVIDIA GeForce RTX 5060 Ti

[parts] 本次搭建地形部件：资源 48 件、程序生成 0 件（res://parts/terrain）
[batch] 障碍装饰合批 36 格：变体 14 种、MultiMesh 91 个、实例 249 个；未合批（逐格各建节点）0 格；场景面砖 0 格、MultiMesh 0 个
[siege] 地图 siege-4p-base-v5，对局种子 7，你是 红方(P0)，AI 难度 标准（Standard，前瞻宽度 0），AI 评价权重 EvaluationWeights { PowerGain = 10, EnemyLoss = 8, Relic = 6, Safety = 35, Growth = 4, Initiative = 20, Supply = 2, Eye = 200, Threat = 25 }，自动演示模式（跑满 8 个大回合停止）
[parts] 本次搭建地形部件：资源 48 件、程序生成 0 件（res://parts/terrain）
[batch] 障碍装饰合批 36 格：变体 14 种、MultiMesh 91 个、实例 249 个；未合批（逐格各建节点）0 格；场景面砖 0 格、MultiMesh 0 个
[show] 第 1 帧 AI结算：节拍 3（落子 3 / 提子 0 / 信物 2 / 势力 4 / 横幅 0），零时长
[show] 第 12 帧 本机结算：节拍 3（落子 1 / 提子 0 / 信物 1 / 势力 3 / 横幅 0），零时长
[show] 第 12 帧 AI结算：节拍 3（落子 3 / 提子 0 / 信物 2 / 势力 4 / 横幅 0），零时长
[show] 第 13 帧 AI结算：节拍 3（落子 3 / 提子 0 / 信物 2 / 势力 2 / 横幅 0），零时长
[show] 第 14 帧 AI结算：节拍 2（落子 3 / 提子 0 / 信物 0 / 势力 1 / 横幅 0），零时长
[show] 第 15 帧 AI结算：节拍 2（落子 3 / 提子 0 / 信物 0 / 势力 1 / 横幅 0），零时长
[show] 第 16 帧 AI结算：节拍 2（落子 3 / 提子 0 / 信物 0 / 势力 1 / 横幅 0），零时长
[auto-demo] 第 20 帧暂放匠人 C1：已选 立栅 A1–B1，可改造目标 10 个（桥 0 / 栅 10 / 林 0）；格目标 无；工坊 未生效
[terrain-edit] 第 26 帧、第 3 大回合落成：立栅 A1–B1
[parts] 本次搭建地形部件：资源 49 件、程序生成 0 件（res://parts/terrain）
[batch] 障碍装饰合批 36 格：变体 14 种、MultiMesh 91 个、实例 249 个；未合批（逐格各建节点）0 格；场景面砖 0 格、MultiMesh 0 个
[show] 第 27 帧 本机结算：节拍 2（落子 1 / 提子 0 / 信物 0 / 势力 1 / 横幅 0），零时长
[show] 第 27 帧 AI结算：节拍 0（落子 0 / 提子 0 / 信物 0 / 势力 0 / 横幅 0），零时长
[show] 第 28 帧 AI结算：节拍 2（落子 2 / 提子 0 / 信物 0 / 势力 2 / 横幅 0），零时长
[show] 第 29 帧 AI结算：节拍 0（落子 0 / 提子 0 / 信物 0 / 势力 0 / 横幅 0），零时长
[auto-demo] 第 33 帧暂放匠人 D1：已选 立栅 B1–C1，可改造目标 10 个（桥 0 / 栅 10 / 林 0）；格目标 无；工坊 未生效
[terrain-edit] 第 39 帧、第 4 大回合落成：立栅 B1–C1
[parts] 本次搭建地形部件：资源 50 件、程序生成 0 件（res://parts/terrain）
[batch] 障碍装饰合批 36 格：变体 14 种、MultiMesh 91 个、实例 249 个；未合批（逐格各建节点）0 格；场景面砖 0 格、MultiMesh 0 个
[show] 第 40 帧 本机结算：节拍 2（落子 1 / 提子 0 / 信物 0 / 势力 1 / 横幅 0），零时长
[show] 第 40 帧 AI结算：节拍 3（落子 3 / 提子 0 / 信物 2 / 势力 1 / 横幅 0），零时长
[show] 第 41 帧 AI结算：节拍 3（落子 3 / 提子 0 / 信物 1 / 势力 2 / 横幅 0），零时长
[show] 第 42 帧 AI结算：节拍 3（落子 2 / 提子 0 / 信物 1 / 势力 1 / 横幅 0），零时长
[terrain-edit] 第 42 帧、第 4 大回合落成：立栅 B10–C10
[parts] 本次搭建地形部件：资源 51 件、程序生成 0 件（res://parts/terrain）
[batch] 障碍装饰合批 36 格：变体 14 种、MultiMesh 91 个、实例 249 个；未合批（逐格各建节点）0 格；场景面砖 0 格、MultiMesh 0 个
[show] 第 53 帧 本机结算：节拍 2（落子 1 / 提子 0 / 信物 0 / 势力 1 / 横幅 0），零时长
[show] 第 53 帧 AI结算：节拍 4（落子 4 / 提子 1 / 信物 1 / 势力 2 / 横幅 0），3100 ms
[life-shape] 截图取景：当前行动 蓝方(P1)，禁入格 28，已活棋串 7，棋串读法 关
[siege] 截图 E:/wws/geme_demo/.trellis/tasks/10-03-board-render-perf/baseline/after/v5-show-capture.png：Ok（1600×900，第 136 帧，第 5 大回合，信息层 关，手牌信息面板 关，中央面板 关）
[siege] 势力栏：红方(P0) 势力 5（领地 2 + 棋串 3）；蓝方(P1) 势力 80（领地 12 + 棋串 68）；金方(P2) 势力 78（领地 18 + 棋串 60）；紫方(P3) 势力 35（领地 12 + 棋串 23）
[siege] 独占格 44（红方(P0) 2、蓝方(P1) 12、金方(P2) 18、紫方(P3) 12）
[siege] 势力排名面板 左 1234 右 1586 / 视口宽 1600：完整可见
[siege] 棋子：普通子 6（A2、B2、L4、H7、B11、M12）；堡垒子 13（K1、L2、M2、G5、L7、G8、B10、A11、G11、H11、K11、M11、F12）；倍增子 3（M1、M3、L12）；协同子 7（N3、M4、J7、G9、C10、K12、L13）；匠人 3（C1、D1、C9）；旗手子 1（E7）；铁链子 1（C12）；哨兵子 1（B12）
[siege] 本局改造 3 处：立栅 A1–B1、立栅 B1–C1、立栅 B10–C10
[carry] 补给面板 关，结算面板 关；补给 —；档案存取 无（不读写档案）
[siege] 落成反馈：无
[show] 截图时演出：当前节拍 CaptureBeat，进度 520‰，时长模式 Normal；隐藏 0 枚，出现中 ，仍显示被提 B1(红方(P0)) 淡出 520‰，势力显示 红方(P0) 8→5 现显示 8 −3 旧值；金方(P2) 60→78 现显示 60 +18 旧值；飘字 2 条（F12 堡垒子 · 4 年龄 936‰、B1 提 年龄 520‰），合计 提 1 子，信物闪光 无，横幅 无，中央面板 关
[show-perf] 演出帧 81 个；上一演出帧棋子节点 新建 0 / 销毁 0 / 原位更新 1 / 保持原实例 35；累计 新建 4 / 销毁 0 / 原位更新 81
[perf] 帧率 59，单帧处理 52.5 ms，绘制调用 2224，对象 2532，图元 45845；相机注视点 (0, 0) 距离 18.854
