Godot Engine v4.7.2.stable.mono.official.ed1daf0bf - https://godotengine.org

[parts] 本次搭建地形部件：资源 48 件、程序生成 0 件（res://parts/terrain）
[batch] 障碍装饰合批 36 格：变体 14 种、子网格 91 个归入 MultiMesh 58 个、实例 249 个；未合批（逐格各建节点）0 格；场景面砖 0 格、MultiMesh 0 个
[batch] 地砖与台面归并（节点逐格保留，共用资源）：面砖材质 8 份、衬底材质 8 份、描边 / 边框材质 1 份、盒网格 5 份
[siege] 地图 siege-4p-base-v5，对局种子 20260915，你是 红方(P0)，AI 难度 标准（Standard，前瞻宽度 0），AI 评价权重 EvaluationWeights { PowerGain = 10, EnemyLoss = 8, Relic = 6, Safety = 35, Growth = 4, Initiative = 20, Supply = 2, Eye = 200, Threat = 25 }，自动演示模式（跑满 4 个大回合停止）
[parts] 本次搭建地形部件：资源 48 件、程序生成 0 件（res://parts/terrain）
[batch] 障碍装饰合批 36 格：变体 14 种、子网格 91 个归入 MultiMesh 58 个、实例 249 个；未合批（逐格各建节点）0 格；场景面砖 0 格、MultiMesh 0 个
[batch] 地砖与台面归并（节点逐格保留，共用资源）：面砖材质 14 份、衬底材质 14 份、描边 / 边框材质 4 份、盒网格 5 份
[show] 第 1 帧 AI结算：节拍 3（落子 3 / 提子 0 / 信物 2 / 势力 4 / 横幅 0），零时长
[auto-demo] 第 5 帧暂放匠人 B1：已选 立栅 A1–A2，可改造目标 9 个（桥 0 / 栅 9 / 林 0）；格目标 无；工坊 未生效
[terrain-edit] 第 11 帧、第 1 大回合落成：立栅 A1–A2
[parts] 本次搭建地形部件：资源 49 件、程序生成 0 件（res://parts/terrain）
[batch] 障碍装饰合批 36 格：变体 14 种、子网格 91 个归入 MultiMesh 58 个、实例 249 个；未合批（逐格各建节点）0 格；场景面砖 0 格、MultiMesh 0 个
[batch] 地砖与台面归并（节点逐格保留，共用资源）：面砖材质 14 份、衬底材质 14 份、描边 / 边框材质 4 份、盒网格 5 份
[show] 第 12 帧 本机结算：节拍 3（落子 1 / 提子 0 / 信物 1 / 势力 3 / 横幅 0），零时长
[show] 第 12 帧 AI结算：节拍 3（落子 3 / 提子 0 / 信物 2 / 势力 3 / 横幅 0），零时长
[show] 第 13 帧 AI结算：节拍 3（落子 3 / 提子 0 / 信物 2 / 势力 2 / 横幅 0），零时长
[show] 第 14 帧 AI结算：节拍 2（落子 2 / 提子 0 / 信物 0 / 势力 1 / 横幅 0），零时长
[show] 第 15 帧 AI结算：节拍 2（落子 3 / 提子 0 / 信物 0 / 势力 2 / 横幅 0），零时长
[auto-demo] 第 19 帧暂放匠人 C1：已选 立栅 A1–B1，可改造目标 10 个（桥 0 / 栅 10 / 林 0）；格目标 无；工坊 未生效
[terrain-edit] 第 25 帧、第 2 大回合落成：立栅 A1–B1
[parts] 本次搭建地形部件：资源 50 件、程序生成 0 件（res://parts/terrain）
[batch] 障碍装饰合批 36 格：变体 14 种、子网格 91 个归入 MultiMesh 58 个、实例 249 个；未合批（逐格各建节点）0 格；场景面砖 0 格、MultiMesh 0 个
[batch] 地砖与台面归并（节点逐格保留，共用资源）：面砖材质 14 份、衬底材质 14 份、描边 / 边框材质 4 份、盒网格 5 份
[show] 第 26 帧 本机结算：节拍 2（落子 1 / 提子 0 / 信物 0 / 势力 1 / 横幅 0），零时长
[show] 第 26 帧 AI结算：节拍 2（落子 3 / 提子 0 / 信物 0 / 势力 2 / 横幅 0），零时长
[show] 第 27 帧 AI结算：节拍 2（落子 2 / 提子 0 / 信物 0 / 势力 1 / 横幅 0），零时长
[terrain-edit] 第 27 帧、第 3 大回合落成：立栅 B11–B12
[parts] 本次搭建地形部件：资源 51 件、程序生成 0 件（res://parts/terrain）
[batch] 障碍装饰合批 36 格：变体 14 种、子网格 91 个归入 MultiMesh 58 个、实例 249 个；未合批（逐格各建节点）0 格；场景面砖 0 格、MultiMesh 0 个
[batch] 地砖与台面归并（节点逐格保留，共用资源）：面砖材质 14 份、衬底材质 14 份、描边 / 边框材质 4 份、盒网格 5 份
[show] 第 28 帧 AI结算：节拍 0（落子 0 / 提子 0 / 信物 0 / 势力 0 / 横幅 0），零时长
[auto-demo] 第 32 帧暂放匠人 D1：已选 立栅 B1–C1，可改造目标 10 个（桥 0 / 栅 10 / 林 0）；格目标 无；工坊 未生效
[terrain-edit] 第 38 帧、第 3 大回合落成：立栅 B1–C1
[parts] 本次搭建地形部件：资源 52 件、程序生成 0 件（res://parts/terrain）
[batch] 障碍装饰合批 36 格：变体 14 种、子网格 91 个归入 MultiMesh 58 个、实例 249 个；未合批（逐格各建节点）0 格；场景面砖 0 格、MultiMesh 0 个
[batch] 地砖与台面归并（节点逐格保留，共用资源）：面砖材质 14 份、衬底材质 14 份、描边 / 边框材质 4 份、盒网格 5 份
[show] 第 39 帧 本机结算：节拍 2（落子 1 / 提子 0 / 信物 0 / 势力 1 / 横幅 0），零时长
[show] 第 39 帧 AI结算：节拍 2（落子 1 / 提子 0 / 信物 0 / 势力 2 / 横幅 0），零时长
[show] 第 40 帧 AI结算：节拍 4（落子 4 / 提子 1 / 信物 2 / 势力 2 / 横幅 0），零时长
[show] 第 41 帧 AI结算：节拍 3（落子 3 / 提子 0 / 信物 1 / 势力 1 / 横幅 0），零时长
[auto-demo] 第 51 帧本批被拒，改为 Pass：自杀手——结算后己方棋串仍无气：B1
[show] 第 52 帧 本机结算：节拍 0（落子 0 / 提子 0 / 信物 0 / 势力 0 / 横幅 0），零时长
[show] 第 52 帧 AI结算：节拍 3（落子 3 / 提子 0 / 信物 1 / 势力 2 / 横幅 0），零时长
[auto-demo] 演示停止：跑满 4 个大回合（--rounds 停止点，不是终局；对局停在第 5 大回合）；无名次
[perf] 启动到首帧 502 ms，启动到终局 2006 ms，共 53 帧
[sound] 音频节点 0（无人值守：不创建音效节点、不合成波形）
[camera] 开局对准自检：出生平台 13 格，整格在画面内 13；开局对准之后位姿变化 0 次（对手行动时相机不得移动）；通过
