Godot Engine v4.7.2.stable.mono.official.ed1daf0bf - https://godotengine.org
Vulkan 1.4.341 - Forward+ - Using Device #0: NVIDIA - NVIDIA GeForce RTX 5060 Ti

[parts] 本次搭建地形部件：资源 48 件、程序生成 0 件（res://parts/terrain）
[batch] 障碍装饰合批 36 格：变体 14 种、子网格 91 个归入 MultiMesh 58 个、实例 249 个；未合批（逐格各建节点）0 格；场景面砖 0 格、MultiMesh 0 个
[batch] 地砖与台面归并（节点逐格保留，共用资源）：面砖材质 8 份、衬底材质 8 份、描边 / 边框材质 1 份、盒网格 5 份
[siege] 地图 siege-4p-base-v5，对局种子 20260915，你是 红方(P0)，AI 难度 标准（Standard，前瞻宽度 0），AI 评价权重 EvaluationWeights { PowerGain = 10, EnemyLoss = 8, Relic = 6, Safety = 35, Growth = 4, Initiative = 20, Supply = 2, Eye = 200, Threat = 25 }，自动演示模式（跑满 24 个大回合停止）
[parts] 本次搭建地形部件：资源 48 件、程序生成 0 件（res://parts/terrain）
[batch] 障碍装饰合批 36 格：变体 14 种、子网格 91 个归入 MultiMesh 58 个、实例 249 个；未合批（逐格各建节点）0 格；场景面砖 0 格、MultiMesh 0 个
[batch] 地砖与台面归并（节点逐格保留，共用资源）：面砖材质 14 份、衬底材质 14 份、描边 / 边框材质 4 份、盒网格 5 份
[show] 第 1 帧 AI结算：节拍 3（落子 3 / 提子 0 / 信物 2 / 势力 4 / 横幅 0），零时长
[auto-demo] 第 5 帧暂放匠人 B1：已选 立栅 A1–A2，可改造目标 9 个（桥 0 / 栅 9 / 林 0）；格目标 无；工坊 未生效
[terrain-edit] 第 11 帧、第 1 大回合落成：立栅 A1–A2
[parts] 本次搭建地形部件：资源 49 件、程序生成 0 件（res://parts/terrain）
[batch] 障碍装饰合批 36 格：变体 14 种、子网格 91 个归入 MultiMesh 58 个、实例 249 个；未合批（逐格各建节点）0 格；场景面砖 0 格、MultiMesh 0 个
[batch] 地砖与台面归并（节点逐格保留，共用资源）：面砖材质 14 份、衬底材质 14 份、描边 / 边框材质 4 份、盒网格 5 份
[show] 第 12 帧 本机结算：节拍 3（落子 1 / 提子 0 / 信物 1 / 势力 3 / 横幅 0），零时长
[show] 第 12 帧 AI结算：节拍 3（落子 3 / 提子 0 / 信物 2 / 势力 3 / 横幅 0），零时长
[show] 第 13 帧 AI结算：节拍 3（落子 3 / 提子 0 / 信物 2 / 势力 2 / 横幅 0），零时长
[show] 第 14 帧 AI结算：节拍 2（落子 2 / 提子 0 / 信物 0 / 势力 1 / 横幅 0），零时长
[show] 第 15 帧 AI结算：节拍 2（落子 3 / 提子 0 / 信物 0 / 势力 2 / 横幅 0），零时长
[auto-demo] 第 19 帧暂放匠人 C1：已选 立栅 A1–B1，可改造目标 10 个（桥 0 / 栅 10 / 林 0）；格目标 无；工坊 未生效
[terrain-edit] 第 25 帧、第 2 大回合落成：立栅 A1–B1
[parts] 本次搭建地形部件：资源 50 件、程序生成 0 件（res://parts/terrain）
[batch] 障碍装饰合批 36 格：变体 14 种、子网格 91 个归入 MultiMesh 58 个、实例 249 个；未合批（逐格各建节点）0 格；场景面砖 0 格、MultiMesh 0 个
[batch] 地砖与台面归并（节点逐格保留，共用资源）：面砖材质 14 份、衬底材质 14 份、描边 / 边框材质 4 份、盒网格 5 份
[show] 第 26 帧 本机结算：节拍 2（落子 1 / 提子 0 / 信物 0 / 势力 1 / 横幅 0），零时长
[show] 第 26 帧 AI结算：节拍 2（落子 3 / 提子 0 / 信物 0 / 势力 2 / 横幅 0），零时长
[show] 第 27 帧 AI结算：节拍 2（落子 2 / 提子 0 / 信物 0 / 势力 1 / 横幅 0），零时长
[terrain-edit] 第 27 帧、第 3 大回合落成：立栅 B11–B12
[parts] 本次搭建地形部件：资源 51 件、程序生成 0 件（res://parts/terrain）
[batch] 障碍装饰合批 36 格：变体 14 种、子网格 91 个归入 MultiMesh 58 个、实例 249 个；未合批（逐格各建节点）0 格；场景面砖 0 格、MultiMesh 0 个
[batch] 地砖与台面归并（节点逐格保留，共用资源）：面砖材质 14 份、衬底材质 14 份、描边 / 边框材质 4 份、盒网格 5 份
[show] 第 28 帧 AI结算：节拍 0（落子 0 / 提子 0 / 信物 0 / 势力 0 / 横幅 0），零时长
[auto-demo] 第 32 帧暂放匠人 D1：已选 立栅 B1–C1，可改造目标 10 个（桥 0 / 栅 10 / 林 0）；格目标 无；工坊 未生效
[terrain-edit] 第 38 帧、第 3 大回合落成：立栅 B1–C1
[parts] 本次搭建地形部件：资源 52 件、程序生成 0 件（res://parts/terrain）
[batch] 障碍装饰合批 36 格：变体 14 种、子网格 91 个归入 MultiMesh 58 个、实例 249 个；未合批（逐格各建节点）0 格；场景面砖 0 格、MultiMesh 0 个
[batch] 地砖与台面归并（节点逐格保留，共用资源）：面砖材质 14 份、衬底材质 14 份、描边 / 边框材质 4 份、盒网格 5 份
[show] 第 39 帧 本机结算：节拍 2（落子 1 / 提子 0 / 信物 0 / 势力 1 / 横幅 0），零时长
[show] 第 39 帧 AI结算：节拍 2（落子 1 / 提子 0 / 信物 0 / 势力 2 / 横幅 0），零时长
[show] 第 40 帧 AI结算：节拍 4（落子 4 / 提子 1 / 信物 2 / 势力 2 / 横幅 0），零时长
[show] 第 41 帧 AI结算：节拍 3（落子 3 / 提子 0 / 信物 1 / 势力 1 / 横幅 0），零时长
[auto-demo] 第 51 帧本批被拒，改为 Pass：自杀手——结算后己方棋串仍无气：B1
[show] 第 52 帧 本机结算：节拍 0（落子 0 / 提子 0 / 信物 0 / 势力 0 / 横幅 0），零时长
[show] 第 52 帧 AI结算：节拍 3（落子 3 / 提子 0 / 信物 1 / 势力 2 / 横幅 0），零时长
[show] 第 53 帧 AI结算：节拍 3（落子 2 / 提子 0 / 信物 1 / 势力 2 / 横幅 0），零时长
[show] 第 54 帧 AI结算：节拍 3（落子 4 / 提子 0 / 信物 1 / 势力 3 / 横幅 0），零时长
[show] 第 55 帧 AI结算：节拍 2（落子 1 / 提子 0 / 信物 0 / 势力 1 / 横幅 0），零时长
[terrain-edit] 第 55 帧、第 5 大回合落成：立栅 L4–M4
[parts] 本次搭建地形部件：资源 53 件、程序生成 0 件（res://parts/terrain）
[batch] 障碍装饰合批 36 格：变体 14 种、子网格 91 个归入 MultiMesh 58 个、实例 249 个；未合批（逐格各建节点）0 格；场景面砖 0 格、MultiMesh 0 个
[batch] 地砖与台面归并（节点逐格保留，共用资源）：面砖材质 14 份、衬底材质 14 份、描边 / 边框材质 4 份、盒网格 5 份
[show] 第 66 帧 本机结算：节拍 2（落子 1 / 提子 0 / 信物 0 / 势力 1 / 横幅 0），零时长
[show] 第 66 帧 AI结算：节拍 2（落子 3 / 提子 0 / 信物 0 / 势力 2 / 横幅 0），零时长
[show] 第 67 帧 AI结算：节拍 4（落子 2 / 提子 3 / 信物 0 / 势力 3 / 横幅 1），零时长
[show] 第 68 帧 AI结算：节拍 2（落子 3 / 提子 0 / 信物 0 / 势力 3 / 横幅 0），零时长
[show] 第 69 帧 AI结算：节拍 2（落子 4 / 提子 0 / 信物 0 / 势力 2 / 横幅 0），零时长
[show] 第 70 帧 AI结算：节拍 2（落子 3 / 提子 0 / 信物 0 / 势力 2 / 横幅 0），零时长
[show] 第 71 帧 AI结算：节拍 0（落子 0 / 提子 0 / 信物 0 / 势力 0 / 横幅 0），零时长
[show] 第 72 帧 AI结算：节拍 2（落子 1 / 提子 0 / 信物 0 / 势力 1 / 横幅 0），零时长
[show] 第 73 帧 AI结算：节拍 2（落子 2 / 提子 0 / 信物 0 / 势力 1 / 横幅 0），零时长
[show] 第 74 帧 AI结算：节拍 0（落子 0 / 提子 0 / 信物 0 / 势力 0 / 横幅 0），零时长
[show] 第 75 帧 AI结算：节拍 0（落子 0 / 提子 0 / 信物 0 / 势力 0 / 横幅 0），零时长
[show] 第 76 帧 AI结算：节拍 1（落子 0 / 提子 0 / 信物 0 / 势力 0 / 横幅 1），零时长
[auto-demo] 终局：第 9 大回合，一整轮所有人都 Pass；第1名 金方(P2) 势力 86、第2名 紫方(P3) 势力 85、第3名 蓝方(P1) 势力 45、第4名 红方(P0) 势力 0
[perf] 启动到首帧 1243 ms，启动到终局 5223 ms，共 77 帧
[sound] 音频节点 0（无人值守：不创建音效节点、不合成波形）
[life-shape] 截图取景：当前行动 无，禁入格 0，已活棋串 15，棋串读法 关
[siege] 截图 E:/wws/geme_demo/.trellis/tasks/10-03-board-render-perf/baseline/after2/steady-v5-f240.png：Ok（1600×900，第 240 帧，第 9 大回合，信息层 关，手牌信息面板 关，中央面板 开）
[siege] 势力栏：红方(P0) 势力 0（领地 0 + 棋串 0）；蓝方(P1) 势力 45（领地 11 + 棋串 34）；金方(P2) 势力 86（领地 15 + 棋串 71）；紫方(P3) 势力 85（领地 16 + 棋串 69）
[siege] 独占格 42（蓝方(P1) 11、金方(P2) 15、紫方(P3) 16）
[siege] 势力排名面板 左 1144 右 1586 / 视口宽 1600：完整可见
[siege] 棋子：普通子 6（L2、M2、E5、F7、B12、L13）；堡垒子 13（C1、E2、E3、G3、J5、B6、M8、C9、J9、G11、M11、F12、D13）；连珠子 13（H2、M3、N3、M4、G5、G7、H7、L7、E9、A11、B11、L12、M12）；倍增子 7（B7、M7、G9、G10、J11、C12、K13）；协同子 9（G2、C3、L4、F5、C7、E7、J7、C10、J12）；匠人 2（L5、B13）；旗手子 1（B2）；铁链子 1（B3）；哨兵子 1（B10）；界碑子 2（D2、K11）
[siege] 本局改造 5 处：立栅 A1–A2、立栅 A1–B1、立栅 B11–B12、立栅 B1–C1、立栅 L4–M4
[carry] 补给面板 关，结算面板 关；补给 —；档案存取 无（不读写档案）
[siege] 落成反馈：无
[show] 截图时演出：无（遮罩为空，画面即结算后快照）
[perf] 帧率 18，单帧处理 97.9 ms，绘制调用 1308，对象 2444，图元 49844；相机注视点 (0, 0) 距离 18.854
[perf-steady] 取图后冻结 3.00 秒共 2127 帧：平均 708.9 帧/秒（帧间隔 1.41 ms）；引擎最近一秒读数 帧率 692，单帧处理 2.22 ms；绘制调用 1308，对象 2444，图元 49844；垂直同步 Disabled
