Godot Engine v4.7.2.stable.mono.official.ed1daf0bf - https://godotengine.org

[parts] 本次搭建地形部件：资源 48 件、程序生成 0 件（res://parts/terrain）
[batch] 障碍装饰合批 36 格：变体 14 种、子网格 91 个归入 MultiMesh 58 个、实例 249 个；未合批（逐格各建节点）0 格；场景面砖 0 格、MultiMesh 0 个
[batch] 地砖与台面归并（节点逐格保留，共用资源）：面砖材质 8 份、衬底材质 8 份、描边 / 边框材质 1 份、盒网格 5 份
[siege] 地图 siege-4p-base-v5，对局种子 20260915，你是 红方(P0)，AI 难度 标准（Standard，前瞻宽度 0），AI 评价权重 EvaluationWeights { PowerGain = 10, EnemyLoss = 8, Relic = 6, Safety = 35, Growth = 4, Initiative = 20, Supply = 2, Eye = 200, Threat = 25 }，自动演示模式（跑满 4 个大回合停止）
[parts] 本次搭建地形部件：资源 48 件、程序生成 0 件（res://parts/terrain）
[batch] 障碍装饰合批 36 格：变体 14 种、子网格 91 个归入 MultiMesh 58 个、实例 249 个；未合批（逐格各建节点）0 格；场景面砖 0 格、MultiMesh 0 个
[batch] 地砖与台面归并（节点逐格保留，共用资源）：面砖材质 14 份、衬底材质 14 份、描边 / 边框材质 4 份、盒网格 5 份
[show] 第 1 帧 AI结算：节拍 3（落子 3 / 提子 0 / 信物 2 / 势力 4 / 横幅 0），零时长
[pick-check] 逐格居中·最近（距离 8.047）：可落子格 105，往返一致 105，纵深夹取后落在注视点远侧、被紧邻的更近高台遮挡 0，失败 0
[pick-check] 逐格居中·最远（距离 18.854）：可落子格 105，往返一致 105，纵深夹取后落在注视点远侧、被紧邻的更近高台遮挡 0，失败 0
[pick-check] 逐格居中·合计：至少在一种缩放下严格往返的格 105 / 105
[pick-check] 位姿「中心」注视点 (0, 0) 距离 12.317：画面内可落子格 91，往返一致 91，被更近的高台遮挡 0，失败 0
[pick-check] 位姿「左上角」注视点 (-4.7, -4.7) 距离 8.047：画面内可落子格 20，往返一致 20，被更近的高台遮挡 0，失败 0
[pick-check] 位姿「右上角」注视点 (4.7, -4.7) 距离 8.047：画面内可落子格 20，往返一致 20，被更近的高台遮挡 0，失败 0
[pick-check] 位姿「左下角」注视点 (-4.7, 4.7) 距离 8.047：画面内可落子格 32，往返一致 31，被更近的高台遮挡 1（B5(h0) → B4(h2)），失败 0
[pick-check] 位姿「右下角」注视点 (4.7, 4.7) 距离 8.047：画面内可落子格 32，往返一致 32，被更近的高台遮挡 0，失败 0
[pick-check] 位姿「最近」注视点 (0, 0) 距离 8.047：画面内可落子格 46，往返一致 46，被更近的高台遮挡 0，失败 0
[pick-check] 位姿「最远」注视点 (0, 0) 距离 18.854：画面内可落子格 105，往返一致 105，被更近的高台遮挡 0，失败 0
[pick-check] 可落子格 105，至少在一个位姿下验到 105；通过
