Godot Engine v4.7.2.stable.mono.official.ed1daf0bf - https://godotengine.org
Vulkan 1.4.341 - Forward+ - Using Device #0: NVIDIA - NVIDIA GeForce RTX 5060 Ti

[parts] 本次搭建地形部件：资源 1061 件、程序生成 0 件（res://parts/terrain）
[batch] 障碍装饰合批 1061 格：变体 15 种、子网格 96 个归入 MultiMesh 58 个、实例 6404 个；未合批（逐格各建节点）0 格；场景面砖 1061 格、MultiMesh 1 个
[batch] 地砖与台面归并（节点逐格保留，共用资源）：面砖材质 7 份、衬底材质 6 份、描边 / 边框材质 2 份、盒网格 24 份
[siege] 地图 board:1:n10，对局种子 20260915，你是 红方(P0)，AI 难度 标准（Standard，前瞻宽度 0），AI 评价权重 EvaluationWeights { PowerGain = 10, EnemyLoss = 8, Relic = 6, Safety = 35, Growth = 4, Initiative = 20, Supply = 2, Eye = 200, Threat = 25 }，自动演示模式（跑满 4 个大回合停止）
[parts] 本次搭建地形部件：资源 1061 件、程序生成 0 件（res://parts/terrain）
[batch] 障碍装饰合批 1061 格：变体 15 种、子网格 96 个归入 MultiMesh 58 个、实例 6404 个；未合批（逐格各建节点）0 格；场景面砖 1061 格、MultiMesh 1 个
[batch] 地砖与台面归并（节点逐格保留，共用资源）：面砖材质 15 份、衬底材质 14 份、描边 / 边框材质 6 份、盒网格 24 份
[camera] 第 0 帧（开局对准出生平台）注视点 (-9, 14)，距离 11.496
[show] 第 1 帧 AI结算：节拍 3（落子 3 / 提子 0 / 信物 1 / 势力 4 / 横幅 0），零时长
[auto-demo] 第 5 帧暂放匠人 J7：已选 立栅 G7–H7，可改造目标 16 个（桥 0 / 栅 16 / 林 0）；格目标 无；工坊 未生效
[camera] 第 8 帧（全局预览）注视点 (0, 0)，距离 56.791
[life-shape] 截图取景：当前行动 红方(P0)，禁入格 0，已活棋串 0，棋串读法 关
[siege] 截图 E:/wws/geme_demo/.trellis/tasks/10-03-board-render-perf/baseline/after2/steady-board1n10-f10.png：Ok（1600×900，第 10 帧，第 1 大回合，信息层 关，手牌信息面板 关，中央面板 关）
[siege] 势力栏：红方(P0) 势力 0（领地 0 + 棋串 0）；蓝方(P1) 势力 0（领地 0 + 棋串 0）；金方(P2) 势力 16（领地 8 + 棋串 8）；紫方(P3) 势力 0（领地 0 + 棋串 0）
[siege] 独占格 8（金方(P2) 8）
[siege] 势力排名面板 左 1251 右 1586 / 视口宽 1600：完整可见
[siege] 棋子：堡垒子 1（AD10）；连珠子 2（AE10、AF10）
[siege] 本局改造 0 处：
[siege] 暂放：J7 匠人 + 立栅 G7–H7
[siege] 改造高亮：J7 已选 立栅 G7–H7，候选 桥 0 / 栅 16 / 林 0（格目标 无）；工坊 未生效
[carry] 补给面板 关，结算面板 关；补给 —；档案存取 无（不读写档案）
[siege] 落成反馈：无
[show] 截图时演出：无（遮罩为空，画面即结算后快照）
[perf] 帧率 1，单帧处理 194.8 ms，绘制调用 934，对象 4606，图元 366878；相机注视点 (0, 0) 距离 56.791
[perf-steady] 取图后冻结 3.00 秒共 2258 帧：平均 752.6 帧/秒（帧间隔 1.33 ms）；引擎最近一秒读数 帧率 745，单帧处理 2.04 ms；绘制调用 934，对象 4606，图元 366878；垂直同步 Disabled
