Godot Engine v4.7.2.stable.mono.official.ed1daf0bf - https://godotengine.org
Vulkan 1.4.341 - Forward+ - Using Device #0: NVIDIA - NVIDIA GeForce RTX 5060 Ti

[parts] 本次搭建地形部件：资源 1061 件、程序生成 0 件（res://parts/terrain）
[batch] 障碍装饰合批 1061 格：变体 15 种、子网格 96 个归入 MultiMesh 58 个、实例 6404 个；未合批（逐格各建节点）0 格；场景面砖 1061 格、MultiMesh 1 个
[batch] 地砖与台面归并（节点逐格保留，共用资源）：面砖材质 7 份、衬底材质 6 份、描边 / 边框材质 2 份、盒网格 24 份
[siege] 地图 board:1:n10，对局种子 20260915，你是 红方(P0)，AI 难度 标准（Standard，前瞻宽度 0），AI 评价权重 EvaluationWeights { PowerGain = 10, EnemyLoss = 8, Relic = 6, Safety = 35, Growth = 4, Initiative = 20, Supply = 2, Eye = 200, Threat = 25 }，自动演示模式（跑满 24 个大回合停止）
[parts] 本次搭建地形部件：资源 1061 件、程序生成 0 件（res://parts/terrain）
[batch] 障碍装饰合批 1061 格：变体 15 种、子网格 96 个归入 MultiMesh 58 个、实例 6404 个；未合批（逐格各建节点）0 格；场景面砖 1061 格、MultiMesh 1 个
[batch] 地砖与台面归并（节点逐格保留，共用资源）：面砖材质 15 份、衬底材质 14 份、描边 / 边框材质 6 份、盒网格 24 份
[camera] 第 0 帧（开局对准出生平台）注视点 (-9, 14)，距离 11.496
[show] 第 1 帧 AI结算：节拍 3（落子 3 / 提子 0 / 信物 1 / 势力 4 / 横幅 0），零时长
[auto-demo] 第 5 帧暂放匠人 J7：已选 立栅 G7–H7，可改造目标 16 个（桥 0 / 栅 16 / 林 0）；格目标 无；工坊 未生效
[terrain-edit] 第 11 帧、第 1 大回合落成：立栅 G7–H7
[parts] 本次搭建地形部件：资源 1062 件、程序生成 0 件（res://parts/terrain）
[batch] 障碍装饰合批 1061 格：变体 15 种、子网格 96 个归入 MultiMesh 58 个、实例 6404 个；未合批（逐格各建节点）0 格；场景面砖 1061 格、MultiMesh 1 个
[batch] 地砖与台面归并（节点逐格保留，共用资源）：面砖材质 15 份、衬底材质 14 份、描边 / 边框材质 6 份、盒网格 24 份
[show] 第 12 帧 本机结算：节拍 2（落子 1 / 提子 0 / 信物 0 / 势力 3 / 横幅 0），零时长
[show] 第 12 帧 AI结算：节拍 3（落子 2 / 提子 0 / 信物 1 / 势力 3 / 横幅 0），零时长
[show] 第 13 帧 AI结算：节拍 3（落子 3 / 提子 0 / 信物 1 / 势力 3 / 横幅 0），零时长
[show] 第 14 帧 AI结算：节拍 2（落子 2 / 提子 0 / 信物 0 / 势力 1 / 横幅 0），零时长
[show] 第 15 帧 AI结算：节拍 2（落子 3 / 提子 0 / 信物 0 / 势力 1 / 横幅 0），零时长
[show] 第 16 帧 AI结算：节拍 2（落子 1 / 提子 0 / 信物 0 / 势力 1 / 横幅 0），零时长
[show] 第 27 帧 本机结算：节拍 2（落子 1 / 提子 0 / 信物 0 / 势力 1 / 横幅 0），零时长
[show] 第 27 帧 AI结算：节拍 2（落子 3 / 提子 0 / 信物 0 / 势力 1 / 横幅 0），零时长
[show] 第 28 帧 AI结算：节拍 2（落子 3 / 提子 0 / 信物 0 / 势力 1 / 横幅 0），零时长
[show] 第 29 帧 AI结算：节拍 2（落子 1 / 提子 0 / 信物 0 / 势力 1 / 横幅 0），零时长
[show] 第 40 帧 本机结算：节拍 2（落子 1 / 提子 0 / 信物 0 / 势力 1 / 横幅 0），零时长
[show] 第 40 帧 AI结算：节拍 3（落子 2 / 提子 0 / 信物 2 / 势力 1 / 横幅 0），零时长
[show] 第 41 帧 AI结算：节拍 3（落子 1 / 提子 0 / 信物 1 / 势力 1 / 横幅 0），零时长
[show] 第 42 帧 AI结算：节拍 3（落子 1 / 提子 0 / 信物 1 / 势力 1 / 横幅 0），零时长
[show] 第 53 帧 本机结算：节拍 2（落子 1 / 提子 0 / 信物 0 / 势力 1 / 横幅 0），零时长
[show] 第 53 帧 AI结算：节拍 3（落子 1 / 提子 0 / 信物 1 / 势力 1 / 横幅 0），零时长
[show] 第 54 帧 AI结算：节拍 3（落子 1 / 提子 0 / 信物 1 / 势力 1 / 横幅 0），零时长
[show] 第 55 帧 AI结算：节拍 3（落子 1 / 提子 0 / 信物 1 / 势力 1 / 横幅 0），零时长
[auto-demo] 第 59 帧暂放匠人 T3：已选 立栅 R3–S3，可改造目标 16 个（桥 0 / 栅 16 / 林 0）；格目标 无；工坊 未生效
[terrain-edit] 第 65 帧、第 6 大回合落成：立栅 R3–S3
[parts] 本次搭建地形部件：资源 1063 件、程序生成 0 件（res://parts/terrain）
[batch] 障碍装饰合批 1061 格：变体 15 种、子网格 96 个归入 MultiMesh 58 个、实例 6404 个；未合批（逐格各建节点）0 格；场景面砖 1061 格、MultiMesh 1 个
[batch] 地砖与台面归并（节点逐格保留，共用资源）：面砖材质 15 份、衬底材质 14 份、描边 / 边框材质 6 份、盒网格 24 份
[show] 第 66 帧 本机结算：节拍 2（落子 1 / 提子 0 / 信物 0 / 势力 1 / 横幅 0），零时长
[show] 第 66 帧 AI结算：节拍 3（落子 1 / 提子 0 / 信物 1 / 势力 1 / 横幅 0），零时长
[show] 第 67 帧 AI结算：节拍 3（落子 2 / 提子 0 / 信物 1 / 势力 1 / 横幅 0），零时长
[show] 第 68 帧 AI结算：节拍 3（落子 1 / 提子 0 / 信物 1 / 势力 1 / 横幅 0），零时长
[show] 第 79 帧 本机结算：节拍 2（落子 1 / 提子 0 / 信物 0 / 势力 1 / 横幅 0），零时长
[show] 第 79 帧 AI结算：节拍 3（落子 1 / 提子 0 / 信物 1 / 势力 1 / 横幅 0），零时长
[show] 第 80 帧 AI结算：节拍 3（落子 2 / 提子 0 / 信物 1 / 势力 1 / 横幅 0），零时长
[show] 第 81 帧 AI结算：节拍 3（落子 3 / 提子 0 / 信物 1 / 势力 2 / 横幅 0），零时长
[show] 第 92 帧 本机结算：节拍 2（落子 1 / 提子 0 / 信物 0 / 势力 2 / 横幅 0），零时长
[show] 第 92 帧 AI结算：节拍 2（落子 5 / 提子 0 / 信物 0 / 势力 3 / 横幅 0），零时长
[show] 第 93 帧 AI结算：节拍 2（落子 3 / 提子 0 / 信物 0 / 势力 2 / 横幅 0），零时长
[show] 第 94 帧 AI结算：节拍 2（落子 2 / 提子 0 / 信物 0 / 势力 2 / 横幅 0），零时长
[show] 第 105 帧 本机结算：节拍 2（落子 1 / 提子 0 / 信物 0 / 势力 1 / 横幅 0），零时长
[show] 第 105 帧 AI结算：节拍 2（落子 2 / 提子 0 / 信物 0 / 势力 3 / 横幅 0），零时长
[show] 第 106 帧 AI结算：节拍 2（落子 3 / 提子 0 / 信物 0 / 势力 3 / 横幅 0），零时长
[show] 第 107 帧 AI结算：节拍 2（落子 1 / 提子 0 / 信物 0 / 势力 1 / 横幅 0），零时长
[show] 第 118 帧 本机结算：节拍 2（落子 1 / 提子 0 / 信物 0 / 势力 2 / 横幅 0），零时长
[show] 第 118 帧 AI结算：节拍 2（落子 3 / 提子 0 / 信物 0 / 势力 2 / 横幅 0），零时长
[show] 第 119 帧 AI结算：节拍 2（落子 1 / 提子 0 / 信物 0 / 势力 1 / 横幅 0），零时长
[show] 第 120 帧 AI结算：节拍 2（落子 1 / 提子 0 / 信物 0 / 势力 1 / 横幅 0），零时长
[show] 第 131 帧 本机结算：节拍 2（落子 1 / 提子 0 / 信物 0 / 势力 1 / 横幅 0），零时长
[show] 第 131 帧 AI结算：节拍 2（落子 1 / 提子 0 / 信物 0 / 势力 2 / 横幅 0），零时长
[show] 第 132 帧 AI结算：节拍 2（落子 3 / 提子 0 / 信物 0 / 势力 1 / 横幅 0），零时长
[show] 第 133 帧 AI结算：节拍 2（落子 5 / 提子 0 / 信物 0 / 势力 1 / 横幅 0），零时长
[auto-demo] 第 137 帧暂放匠人 Z3：已选 立栅 AA2–AA3，可改造目标 16 个（桥 0 / 栅 16 / 林 0）；格目标 无；工坊 未生效
[terrain-edit] 第 143 帧、第 12 大回合落成：立栅 AA2–AA3
[parts] 本次搭建地形部件：资源 1064 件、程序生成 0 件（res://parts/terrain）
[batch] 障碍装饰合批 1061 格：变体 15 种、子网格 96 个归入 MultiMesh 58 个、实例 6404 个；未合批（逐格各建节点）0 格；场景面砖 1061 格、MultiMesh 1 个
[batch] 地砖与台面归并（节点逐格保留，共用资源）：面砖材质 15 份、衬底材质 14 份、描边 / 边框材质 6 份、盒网格 24 份
[show] 第 144 帧 本机结算：节拍 2（落子 1 / 提子 0 / 信物 0 / 势力 1 / 横幅 0），零时长
[show] 第 144 帧 AI结算：节拍 2（落子 3 / 提子 0 / 信物 0 / 势力 1 / 横幅 0），零时长
[show] 第 145 帧 AI结算：节拍 2（落子 1 / 提子 0 / 信物 0 / 势力 1 / 横幅 0），零时长
[show] 第 146 帧 AI结算：节拍 2（落子 1 / 提子 0 / 信物 0 / 势力 1 / 横幅 0），零时长
[auto-demo] 第 150 帧暂放匠人 AA3：已选 立栅 AA1–AA2，可改造目标 15 个（桥 0 / 栅 15 / 林 0）；格目标 无；工坊 未生效
[terrain-edit] 第 156 帧、第 13 大回合落成：立栅 AA1–AA2
[parts] 本次搭建地形部件：资源 1065 件、程序生成 0 件（res://parts/terrain）
[batch] 障碍装饰合批 1061 格：变体 15 种、子网格 96 个归入 MultiMesh 58 个、实例 6404 个；未合批（逐格各建节点）0 格；场景面砖 1061 格、MultiMesh 1 个
[batch] 地砖与台面归并（节点逐格保留，共用资源）：面砖材质 15 份、衬底材质 14 份、描边 / 边框材质 6 份、盒网格 24 份
[show] 第 157 帧 本机结算：节拍 2（落子 1 / 提子 0 / 信物 0 / 势力 1 / 横幅 0），零时长
[show] 第 157 帧 AI结算：节拍 2（落子 1 / 提子 0 / 信物 0 / 势力 1 / 横幅 0），零时长
[show] 第 158 帧 AI结算：节拍 2（落子 1 / 提子 0 / 信物 0 / 势力 1 / 横幅 0），零时长
[show] 第 159 帧 AI结算：节拍 2（落子 1 / 提子 0 / 信物 0 / 势力 1 / 横幅 0），零时长
[show] 第 170 帧 本机结算：节拍 2（落子 1 / 提子 0 / 信物 0 / 势力 1 / 横幅 0），零时长
[show] 第 170 帧 AI结算：节拍 2（落子 2 / 提子 0 / 信物 0 / 势力 1 / 横幅 0），零时长
[show] 第 171 帧 AI结算：节拍 2（落子 3 / 提子 0 / 信物 0 / 势力 1 / 横幅 0），零时长
[show] 第 172 帧 AI结算：节拍 2（落子 1 / 提子 0 / 信物 0 / 势力 1 / 横幅 0），零时长
[auto-demo] 第 176 帧暂放匠人 T4：已选 立栅 R4–S4，可改造目标 16 个（桥 0 / 栅 16 / 林 0）；格目标 无；工坊 未生效
[terrain-edit] 第 182 帧、第 15 大回合落成：立栅 R4–S4
[parts] 本次搭建地形部件：资源 1066 件、程序生成 0 件（res://parts/terrain）
[batch] 障碍装饰合批 1061 格：变体 15 种、子网格 96 个归入 MultiMesh 58 个、实例 6404 个；未合批（逐格各建节点）0 格；场景面砖 1061 格、MultiMesh 1 个
[batch] 地砖与台面归并（节点逐格保留，共用资源）：面砖材质 15 份、衬底材质 14 份、描边 / 边框材质 6 份、盒网格 24 份
[show] 第 183 帧 本机结算：节拍 2（落子 1 / 提子 0 / 信物 0 / 势力 1 / 横幅 0），零时长
[show] 第 183 帧 AI结算：节拍 2（落子 2 / 提子 0 / 信物 0 / 势力 1 / 横幅 0），零时长
[show] 第 184 帧 AI结算：节拍 2（落子 1 / 提子 0 / 信物 0 / 势力 1 / 横幅 0），零时长
[show] 第 185 帧 AI结算：节拍 2（落子 1 / 提子 0 / 信物 0 / 势力 1 / 横幅 0），零时长
[show] 第 196 帧 本机结算：节拍 2（落子 1 / 提子 0 / 信物 0 / 势力 1 / 横幅 0），零时长
[show] 第 196 帧 AI结算：节拍 2（落子 1 / 提子 0 / 信物 0 / 势力 1 / 横幅 0），零时长
[show] 第 197 帧 AI结算：节拍 2（落子 1 / 提子 0 / 信物 0 / 势力 1 / 横幅 0），零时长
[show] 第 198 帧 AI结算：节拍 2（落子 2 / 提子 0 / 信物 0 / 势力 1 / 横幅 0），零时长
[terrain-edit] 第 198 帧、第 16 大回合落成：立栅 Q26–R26
[parts] 本次搭建地形部件：资源 1067 件、程序生成 0 件（res://parts/terrain）
[batch] 障碍装饰合批 1061 格：变体 15 种、子网格 96 个归入 MultiMesh 58 个、实例 6404 个；未合批（逐格各建节点）0 格；场景面砖 1061 格、MultiMesh 1 个
[batch] 地砖与台面归并（节点逐格保留，共用资源）：面砖材质 15 份、衬底材质 14 份、描边 / 边框材质 6 份、盒网格 24 份
[auto-demo] 第 202 帧暂放匠人 V4：已选 立栅 T4–U4，可改造目标 16 个（桥 0 / 栅 16 / 林 0）；格目标 无；工坊 未生效
[terrain-edit] 第 208 帧、第 17 大回合落成：立栅 T4–U4
[parts] 本次搭建地形部件：资源 1068 件、程序生成 0 件（res://parts/terrain）
[batch] 障碍装饰合批 1061 格：变体 15 种、子网格 96 个归入 MultiMesh 58 个、实例 6404 个；未合批（逐格各建节点）0 格；场景面砖 1061 格、MultiMesh 1 个
[batch] 地砖与台面归并（节点逐格保留，共用资源）：面砖材质 15 份、衬底材质 14 份、描边 / 边框材质 6 份、盒网格 24 份
[show] 第 209 帧 本机结算：节拍 2（落子 1 / 提子 0 / 信物 0 / 势力 1 / 横幅 0），零时长
[show] 第 209 帧 AI结算：节拍 2（落子 1 / 提子 0 / 信物 0 / 势力 1 / 横幅 0），零时长
[show] 第 210 帧 AI结算：节拍 2（落子 3 / 提子 0 / 信物 0 / 势力 1 / 横幅 0），零时长
[show] 第 211 帧 AI结算：节拍 2（落子 1 / 提子 0 / 信物 0 / 势力 1 / 横幅 0），零时长
[show] 第 222 帧 本机结算：节拍 2（落子 1 / 提子 0 / 信物 0 / 势力 1 / 横幅 0），零时长
[show] 第 222 帧 AI结算：节拍 2（落子 2 / 提子 0 / 信物 0 / 势力 1 / 横幅 0），零时长
[show] 第 223 帧 AI结算：节拍 2（落子 1 / 提子 0 / 信物 0 / 势力 1 / 横幅 0），零时长
[show] 第 224 帧 AI结算：节拍 2（落子 3 / 提子 0 / 信物 0 / 势力 1 / 横幅 0），零时长
[auto-demo] 第 228 帧暂放匠人 X4：已选 立栅 V4–W4，可改造目标 16 个（桥 0 / 栅 16 / 林 0）；格目标 无；工坊 未生效
[terrain-edit] 第 234 帧、第 19 大回合落成：立栅 V4–W4
[parts] 本次搭建地形部件：资源 1069 件、程序生成 0 件（res://parts/terrain）
[batch] 障碍装饰合批 1061 格：变体 15 种、子网格 96 个归入 MultiMesh 58 个、实例 6404 个；未合批（逐格各建节点）0 格；场景面砖 1061 格、MultiMesh 1 个
[batch] 地砖与台面归并（节点逐格保留，共用资源）：面砖材质 15 份、衬底材质 14 份、描边 / 边框材质 6 份、盒网格 24 份
[show] 第 235 帧 本机结算：节拍 2（落子 1 / 提子 0 / 信物 0 / 势力 1 / 横幅 0），零时长
[show] 第 235 帧 AI结算：节拍 2（落子 1 / 提子 0 / 信物 0 / 势力 1 / 横幅 0），零时长
[show] 第 236 帧 AI结算：节拍 2（落子 1 / 提子 0 / 信物 0 / 势力 1 / 横幅 0），零时长
[show] 第 237 帧 AI结算：节拍 2（落子 1 / 提子 0 / 信物 0 / 势力 1 / 横幅 0），零时长
[camera] 第 238 帧（全局预览）注视点 (0, 0)，距离 56.791
[life-shape] 截图取景：当前行动 红方(P0)，禁入格 0，已活棋串 0，棋串读法 关
[siege] 截图 E:/wws/geme_demo/.trellis/tasks/10-03-board-render-perf/baseline/after2/steady-board1n10-f240.png：Ok（1600×900，第 240 帧，第 19 大回合，信息层 关，手牌信息面板 关，中央面板 开）
[siege] 势力栏：红方(P0) 势力 58（领地 8 + 棋串 50）；蓝方(P1) 势力 165（领地 108 + 棋串 57）；金方(P2) 势力 201（领地 97 + 棋串 104）；紫方(P3) 势力 147（领地 91 + 棋串 56）
[siege] 独占格 304（红方(P0) 8、蓝方(P1) 108、金方(P2) 97、紫方(P3) 91）
[siege] 势力排名面板 左 1216 右 1586 / 视口宽 1600：完整可见
[siege] 棋子：普通子 21（S3、U3、V3、U4、W4、K7、L7、X9、Z9、AG12、F20、H20、Y20、AF22、S23、S30、R31、U31、V32、W33、AC37）；堡垒子 37（W3、X3、W6、N8、S9、K10、AD10、K13、U13、K14、AG14、AE15、J17、Y17、W18、Z18、K19、S19、AG20、R21、AM21、E22、J22、Z22、AD24、AH24、K25、W25、AK27、AH29、H30、L32、S33、AC35、AF36、AE37、W42）；连珠子 40（Y4、V5、Z5、Y7、AE10、AF10、AE13、T16、R17、V17、D18、G18、AF18、V20、U21、W21、V22、D23、F23、L23、X23、AJ23、AM23、H24、U24、AA24、AK24、AF25、AJ25、T26、AM26、H27、AG27、K31、T32、H33、U33、T34、W40、V41）；倍增子 13（Y3、S4、U6、V7、O10、Q10、U10、M11、T11、O23、M31、AB36、AG37）；协同子 2（W9、AF15）；匠人 8（T3、Z3、AA3、T4、V4、X4、J7、Q25）；界碑子 1（T8）
[siege] 本局改造 8 处：立栅 G7–H7、立栅 R3–S3、立栅 AA2–AA3、立栅 AA1–AA2、立栅 R4–S4、立栅 Q26–R26、立栅 T4–U4、立栅 V4–W4
[carry] 补给面板 关，结算面板 关；补给 —；档案存取 无（不读写档案）
[siege] 落成反馈：无
[show] 截图时演出：无（遮罩为空，画面即结算后快照）
[perf] 帧率 1，单帧处理 130.1 ms，绘制调用 2353，对象 5995，图元 406284；相机注视点 (0, 0) 距离 56.791
[perf-steady] 取图后冻结 3.00 秒共 1056 帧：平均 351.9 帧/秒（帧间隔 2.84 ms）；引擎最近一秒读数 帧率 354，单帧处理 4.97 ms；绘制调用 2353，对象 5995，图元 406284；垂直同步 Disabled
