Godot Engine v4.7.2.stable.mono.official.ed1daf0bf - https://godotengine.org
Vulkan 1.4.341 - Forward+ - Using Device #0: NVIDIA - NVIDIA GeForce RTX 5060 Ti

[parts] 本次搭建地形部件：资源 517 件、程序生成 0 件（res://parts/terrain）
[batch] 障碍装饰合批 517 格：变体 15 种、子网格 96 个归入 MultiMesh 58 个、实例 3088 个；未合批（逐格各建节点）0 格；场景面砖 517 格、MultiMesh 1 个
[batch] 地砖与台面归并（节点逐格保留，共用资源）：面砖材质 7 份、衬底材质 6 份、描边 / 边框材质 2 份、盒网格 22 份
[siege] 地图 board:1，对局种子 20260915，你是 红方(P0)，AI 难度 标准（Standard，前瞻宽度 0），AI 评价权重 EvaluationWeights { PowerGain = 10, EnemyLoss = 8, Relic = 6, Safety = 35, Growth = 4, Initiative = 20, Supply = 2, Eye = 200, Threat = 25 }，自动演示模式（跑满 24 个大回合停止）
[parts] 本次搭建地形部件：资源 517 件、程序生成 0 件（res://parts/terrain）
[batch] 障碍装饰合批 517 格：变体 15 种、子网格 96 个归入 MultiMesh 58 个、实例 3088 个；未合批（逐格各建节点）0 格；场景面砖 517 格、MultiMesh 1 个
[batch] 地砖与台面归并（节点逐格保留，共用资源）：面砖材质 15 份、衬底材质 14 份、描边 / 边框材质 6 份、盒网格 22 份
[camera] 第 0 帧（开局对准出生平台）注视点 (-10.922, 0.5)，距离 12.646
[show] 第 1 帧 AI结算：节拍 3（落子 2 / 提子 0 / 信物 1 / 势力 4 / 横幅 0），零时长
[auto-demo] 第 5 帧暂放匠人 E10：已选 立栅 C10–D10，可改造目标 16 个（桥 0 / 栅 16 / 林 0）；格目标 无；工坊 未生效
[terrain-edit] 第 11 帧、第 1 大回合落成：立栅 C10–D10
[parts] 本次搭建地形部件：资源 518 件、程序生成 0 件（res://parts/terrain）
[batch] 障碍装饰合批 517 格：变体 15 种、子网格 96 个归入 MultiMesh 58 个、实例 3088 个；未合批（逐格各建节点）0 格；场景面砖 517 格、MultiMesh 1 个
[batch] 地砖与台面归并（节点逐格保留，共用资源）：面砖材质 15 份、衬底材质 14 份、描边 / 边框材质 6 份、盒网格 22 份
[show] 第 12 帧 本机结算：节拍 2（落子 1 / 提子 0 / 信物 0 / 势力 3 / 横幅 0），零时长
[show] 第 12 帧 AI结算：节拍 3（落子 2 / 提子 0 / 信物 1 / 势力 3 / 横幅 0），零时长
[show] 第 13 帧 AI结算：节拍 3（落子 3 / 提子 0 / 信物 1 / 势力 3 / 横幅 0），零时长
[show] 第 14 帧 AI结算：节拍 2（落子 3 / 提子 0 / 信物 0 / 势力 2 / 横幅 0），零时长
[show] 第 15 帧 AI结算：节拍 2（落子 1 / 提子 0 / 信物 0 / 势力 1 / 横幅 0），零时长
[terrain-edit] 第 15 帧、第 2 大回合落成：立栅 M21–N21
[parts] 本次搭建地形部件：资源 519 件、程序生成 0 件（res://parts/terrain）
[batch] 障碍装饰合批 517 格：变体 15 种、子网格 96 个归入 MultiMesh 58 个、实例 3088 个；未合批（逐格各建节点）0 格；场景面砖 517 格、MultiMesh 1 个
[batch] 地砖与台面归并（节点逐格保留，共用资源）：面砖材质 15 份、衬底材质 14 份、描边 / 边框材质 6 份、盒网格 22 份
[show] 第 16 帧 AI结算：节拍 2（落子 1 / 提子 0 / 信物 0 / 势力 1 / 横幅 0），零时长
[terrain-edit] 第 16 帧、第 2 大回合落成：立栅 AD21–AE21
[parts] 本次搭建地形部件：资源 520 件、程序生成 0 件（res://parts/terrain）
[batch] 障碍装饰合批 517 格：变体 15 种、子网格 96 个归入 MultiMesh 58 个、实例 3088 个；未合批（逐格各建节点）0 格；场景面砖 517 格、MultiMesh 1 个
[batch] 地砖与台面归并（节点逐格保留，共用资源）：面砖材质 15 份、衬底材质 14 份、描边 / 边框材质 6 份、盒网格 22 份
[show] 第 27 帧 本机结算：节拍 2（落子 1 / 提子 0 / 信物 0 / 势力 1 / 横幅 0），零时长
[show] 第 27 帧 AI结算：节拍 2（落子 2 / 提子 0 / 信物 0 / 势力 1 / 横幅 0），零时长
[show] 第 28 帧 AI结算：节拍 2（落子 3 / 提子 0 / 信物 0 / 势力 2 / 横幅 0），零时长
[show] 第 29 帧 AI结算：节拍 2（落子 3 / 提子 0 / 信物 0 / 势力 1 / 横幅 0），零时长
[show] 第 40 帧 本机结算：节拍 3（落子 1 / 提子 0 / 信物 1 / 势力 1 / 横幅 0），零时长
[show] 第 40 帧 AI结算：节拍 3（落子 1 / 提子 0 / 信物 1 / 势力 1 / 横幅 0），零时长
[show] 第 41 帧 AI结算：节拍 3（落子 1 / 提子 0 / 信物 1 / 势力 1 / 横幅 0），零时长
[show] 第 42 帧 AI结算：节拍 3（落子 1 / 提子 0 / 信物 1 / 势力 2 / 横幅 0），零时长
[show] 第 53 帧 本机结算：节拍 2（落子 1 / 提子 0 / 信物 0 / 势力 2 / 横幅 0），零时长
[show] 第 53 帧 AI结算：节拍 3（落子 1 / 提子 0 / 信物 1 / 势力 1 / 横幅 0），零时长
[show] 第 54 帧 AI结算：节拍 3（落子 1 / 提子 0 / 信物 1 / 势力 1 / 横幅 0），零时长
[show] 第 55 帧 AI结算：节拍 2（落子 1 / 提子 0 / 信物 0 / 势力 2 / 横幅 0），零时长
[auto-demo] 第 59 帧暂放匠人 D3：已选 立栅 B3–C3，可改造目标 16 个（桥 0 / 栅 16 / 林 0）；格目标 无；工坊 未生效
[terrain-edit] 第 65 帧、第 6 大回合落成：立栅 B3–C3
[parts] 本次搭建地形部件：资源 521 件、程序生成 0 件（res://parts/terrain）
[batch] 障碍装饰合批 517 格：变体 15 种、子网格 96 个归入 MultiMesh 58 个、实例 3088 个；未合批（逐格各建节点）0 格；场景面砖 517 格、MultiMesh 1 个
[batch] 地砖与台面归并（节点逐格保留，共用资源）：面砖材质 15 份、衬底材质 14 份、描边 / 边框材质 6 份、盒网格 22 份
[show] 第 66 帧 本机结算：节拍 2（落子 1 / 提子 0 / 信物 0 / 势力 2 / 横幅 0），零时长
[show] 第 66 帧 AI结算：节拍 3（落子 2 / 提子 0 / 信物 1 / 势力 1 / 横幅 0），零时长
[show] 第 67 帧 AI结算：节拍 2（落子 2 / 提子 0 / 信物 0 / 势力 2 / 横幅 0），零时长
[terrain-edit] 第 67 帧、第 6 大回合落成：立栅 W24–X24、立栅 N6–O6
[parts] 本次搭建地形部件：资源 523 件、程序生成 0 件（res://parts/terrain）
[batch] 障碍装饰合批 517 格：变体 15 种、子网格 96 个归入 MultiMesh 58 个、实例 3088 个；未合批（逐格各建节点）0 格；场景面砖 517 格、MultiMesh 1 个
[batch] 地砖与台面归并（节点逐格保留，共用资源）：面砖材质 15 份、衬底材质 14 份、描边 / 边框材质 6 份、盒网格 22 份
[show] 第 68 帧 AI结算：节拍 2（落子 3 / 提子 0 / 信物 0 / 势力 2 / 横幅 0），零时长
[show] 第 79 帧 本机结算：节拍 2（落子 1 / 提子 0 / 信物 0 / 势力 1 / 横幅 0），零时长
[show] 第 79 帧 AI结算：节拍 2（落子 4 / 提子 0 / 信物 0 / 势力 3 / 横幅 0），零时长
[show] 第 80 帧 AI结算：节拍 3（落子 4 / 提子 3 / 信物 0 / 势力 3 / 横幅 0），零时长
[show] 第 81 帧 AI结算：节拍 2（落子 1 / 提子 0 / 信物 0 / 势力 1 / 横幅 0），零时长
[auto-demo] 第 91 帧本批被拒，改为 Pass：自杀手——结算后己方棋串仍无气：G3
[show] 第 92 帧 本机结算：节拍 0（落子 0 / 提子 0 / 信物 0 / 势力 0 / 横幅 0），零时长
[show] 第 92 帧 AI结算：节拍 2（落子 1 / 提子 0 / 信物 0 / 势力 1 / 横幅 0），零时长
[show] 第 93 帧 AI结算：节拍 2（落子 2 / 提子 0 / 信物 0 / 势力 2 / 横幅 0），零时长
[show] 第 94 帧 AI结算：节拍 2（落子 1 / 提子 0 / 信物 0 / 势力 1 / 横幅 0），零时长
[auto-demo] 第 104 帧本批被拒，改为 Pass：自杀手——结算后己方棋串仍无气：G3
[show] 第 105 帧 本机结算：节拍 0（落子 0 / 提子 0 / 信物 0 / 势力 0 / 横幅 0），零时长
[show] 第 105 帧 AI结算：节拍 2（落子 1 / 提子 0 / 信物 0 / 势力 1 / 横幅 0），零时长
[show] 第 106 帧 AI结算：节拍 2（落子 1 / 提子 0 / 信物 0 / 势力 1 / 横幅 0），零时长
[show] 第 107 帧 AI结算：节拍 2（落子 1 / 提子 0 / 信物 0 / 势力 1 / 横幅 0），零时长
[auto-demo] 第 117 帧本批被拒，改为 Pass：自杀手——结算后己方棋串仍无气：G3
[show] 第 118 帧 本机结算：节拍 0（落子 0 / 提子 0 / 信物 0 / 势力 0 / 横幅 0），零时长
[show] 第 118 帧 AI结算：节拍 2（落子 1 / 提子 0 / 信物 0 / 势力 1 / 横幅 0），零时长
[show] 第 119 帧 AI结算：节拍 2（落子 4 / 提子 0 / 信物 0 / 势力 2 / 横幅 0），零时长
[show] 第 120 帧 AI结算：节拍 2（落子 1 / 提子 0 / 信物 0 / 势力 1 / 横幅 0），零时长
[auto-demo] 第 130 帧本批被拒，改为 Pass：自杀手——结算后己方棋串仍无气：G3
[show] 第 131 帧 本机结算：节拍 0（落子 0 / 提子 0 / 信物 0 / 势力 0 / 横幅 0），零时长
[show] 第 131 帧 AI结算：节拍 2（落子 1 / 提子 0 / 信物 0 / 势力 1 / 横幅 0），零时长
[show] 第 132 帧 AI结算：节拍 2（落子 5 / 提子 0 / 信物 0 / 势力 2 / 横幅 0），零时长
[show] 第 133 帧 AI结算：节拍 2（落子 1 / 提子 0 / 信物 0 / 势力 1 / 横幅 0），零时长
[auto-demo] 第 143 帧本批被拒，改为 Pass：自杀手——结算后己方棋串仍无气：G3
[show] 第 144 帧 本机结算：节拍 0（落子 0 / 提子 0 / 信物 0 / 势力 0 / 横幅 0），零时长
[show] 第 144 帧 AI结算：节拍 2（落子 2 / 提子 0 / 信物 0 / 势力 1 / 横幅 0），零时长
[show] 第 145 帧 AI结算：节拍 2（落子 4 / 提子 0 / 信物 0 / 势力 1 / 横幅 0），零时长
[show] 第 146 帧 AI结算：节拍 2（落子 3 / 提子 0 / 信物 0 / 势力 1 / 横幅 0），零时长
[auto-demo] 第 156 帧本批被拒，改为 Pass：自杀手——结算后己方棋串仍无气：G3
[show] 第 157 帧 本机结算：节拍 0（落子 0 / 提子 0 / 信物 0 / 势力 0 / 横幅 0），零时长
[show] 第 157 帧 AI结算：节拍 2（落子 2 / 提子 0 / 信物 0 / 势力 1 / 横幅 0），零时长
[terrain-edit] 第 157 帧、第 13 大回合落成：立栅 S24–T24
[parts] 本次搭建地形部件：资源 524 件、程序生成 0 件（res://parts/terrain）
[batch] 障碍装饰合批 517 格：变体 15 种、子网格 96 个归入 MultiMesh 58 个、实例 3088 个；未合批（逐格各建节点）0 格；场景面砖 517 格、MultiMesh 1 个
[batch] 地砖与台面归并（节点逐格保留，共用资源）：面砖材质 15 份、衬底材质 14 份、描边 / 边框材质 6 份、盒网格 22 份
[show] 第 158 帧 AI结算：节拍 2（落子 4 / 提子 0 / 信物 0 / 势力 2 / 横幅 0），零时长
[show] 第 159 帧 AI结算：节拍 2（落子 1 / 提子 0 / 信物 0 / 势力 1 / 横幅 0），零时长
[auto-demo] 第 169 帧本批被拒，改为 Pass：自杀手——结算后己方棋串仍无气：G3
[show] 第 170 帧 本机结算：节拍 0（落子 0 / 提子 0 / 信物 0 / 势力 0 / 横幅 0），零时长
[show] 第 170 帧 AI结算：节拍 2（落子 2 / 提子 0 / 信物 0 / 势力 3 / 横幅 0），零时长
[show] 第 171 帧 AI结算：节拍 2（落子 1 / 提子 0 / 信物 0 / 势力 2 / 横幅 0），零时长
[show] 第 172 帧 AI结算：节拍 2（落子 1 / 提子 0 / 信物 0 / 势力 2 / 横幅 0），零时长
[auto-demo] 第 182 帧本批被拒，改为 Pass：自杀手——结算后己方棋串仍无气：G3
[show] 第 183 帧 本机结算：节拍 0（落子 0 / 提子 0 / 信物 0 / 势力 0 / 横幅 0），零时长
[show] 第 183 帧 AI结算：节拍 2（落子 1 / 提子 0 / 信物 0 / 势力 2 / 横幅 0），零时长
[show] 第 184 帧 AI结算：节拍 2（落子 1 / 提子 0 / 信物 0 / 势力 2 / 横幅 0），零时长
[show] 第 185 帧 AI结算：节拍 2（落子 1 / 提子 0 / 信物 0 / 势力 2 / 横幅 0），零时长
[auto-demo] 第 195 帧本批被拒，改为 Pass：自杀手——结算后己方棋串仍无气：G3
[show] 第 196 帧 本机结算：节拍 0（落子 0 / 提子 0 / 信物 0 / 势力 0 / 横幅 0），零时长
[show] 第 196 帧 AI结算：节拍 2（落子 2 / 提子 0 / 信物 0 / 势力 2 / 横幅 0），零时长
[show] 第 197 帧 AI结算：节拍 2（落子 1 / 提子 0 / 信物 0 / 势力 2 / 横幅 0），零时长
[show] 第 198 帧 AI结算：节拍 2（落子 2 / 提子 0 / 信物 0 / 势力 3 / 横幅 0），零时长
[auto-demo] 第 208 帧本批被拒，改为 Pass：自杀手——结算后己方棋串仍无气：G3
[show] 第 209 帧 本机结算：节拍 0（落子 0 / 提子 0 / 信物 0 / 势力 0 / 横幅 0），零时长
[show] 第 209 帧 AI结算：节拍 2（落子 1 / 提子 0 / 信物 0 / 势力 3 / 横幅 0），零时长
[show] 第 210 帧 AI结算：节拍 2（落子 5 / 提子 0 / 信物 0 / 势力 3 / 横幅 0），零时长
[show] 第 211 帧 AI结算：节拍 2（落子 3 / 提子 0 / 信物 0 / 势力 3 / 横幅 0），零时长
[auto-demo] 第 221 帧本批被拒，改为 Pass：自杀手——结算后己方棋串仍无气：G3
[show] 第 222 帧 本机结算：节拍 0（落子 0 / 提子 0 / 信物 0 / 势力 0 / 横幅 0），零时长
[show] 第 222 帧 AI结算：节拍 2（落子 1 / 提子 0 / 信物 0 / 势力 2 / 横幅 0），零时长
[terrain-edit] 第 222 帧、第 18 大回合落成：立栅 N10–N11
[parts] 本次搭建地形部件：资源 525 件、程序生成 0 件（res://parts/terrain）
[batch] 障碍装饰合批 517 格：变体 15 种、子网格 96 个归入 MultiMesh 58 个、实例 3088 个；未合批（逐格各建节点）0 格；场景面砖 517 格、MultiMesh 1 个
[batch] 地砖与台面归并（节点逐格保留，共用资源）：面砖材质 15 份、衬底材质 14 份、描边 / 边框材质 6 份、盒网格 22 份
[show] 第 223 帧 AI结算：节拍 2（落子 3 / 提子 0 / 信物 0 / 势力 3 / 横幅 0），零时长
[show] 第 224 帧 AI结算：节拍 2（落子 3 / 提子 0 / 信物 0 / 势力 3 / 横幅 0），零时长
[auto-demo] 第 234 帧本批被拒，改为 Pass：自杀手——结算后己方棋串仍无气：G3
[show] 第 235 帧 本机结算：节拍 0（落子 0 / 提子 0 / 信物 0 / 势力 0 / 横幅 0），零时长
[show] 第 235 帧 AI结算：节拍 2（落子 4 / 提子 0 / 信物 0 / 势力 3 / 横幅 0），零时长
[show] 第 236 帧 AI结算：节拍 2（落子 1 / 提子 0 / 信物 0 / 势力 2 / 横幅 0），零时长
[show] 第 237 帧 AI结算：节拍 2（落子 5 / 提子 0 / 信物 0 / 势力 4 / 横幅 0），零时长
[camera] 第 238 帧（全局预览）注视点 (0, 0)，距离 33.798
[life-shape] 截图取景：当前行动 红方(P0)，禁入格 4，已活棋串 1，棋串读法 关
[siege] 截图 E:/wws/geme_demo/.trellis/tasks/10-03-board-render-perf/baseline/after2/steady-board1-f240.png：Ok（1600×900，第 240 帧，第 19 大回合，信息层 关，手牌信息面板 关，中央面板 开）
[siege] 势力栏：红方(P0) 势力 6（领地 3 + 棋串 3）；蓝方(P1) 势力 149（领地 56 + 棋串 93）；金方(P2) 势力 152（领地 64 + 棋串 88）；紫方(P3) 势力 120（领地 61 + 棋串 59）
[siege] 独占格 184（红方(P0) 3、蓝方(P1) 56、金方(P2) 64、紫方(P3) 61）
[siege] 势力排名面板 左 1225 右 1586 / 视口宽 1600：完整可见
[siege] 棋子：普通子 19（F3、H3、C4、G4、H5、D6、G6、P9、AD9、AJ9、F10、G10、R10、AG14、H15、U15、AB15、T18、AB19）；堡垒子 32（D4、S6、V6、E7、AD7、AG7、F8、O8、U8、AF8、AE10、W11、U12、Y12、AK12、W13、AA13、AJ13、AK14、P15、O16、AC17、O19、P20、L21、R21、U21、K22、P22、Z22、AC22、V23）；连珠子 40（F5、K6、N6、R7、T7、W7、AB7、AK7、Q8、AC8、S9、W9、T10、V10、AK10、O11、P11、S11、AA11、AH11、G12、R12、AC12、AF12、J13、K13、M13、T13、AE13、V14、AC19、S20、W20、O21、X21、AA21、AF21、M22、T22、W22）；倍增子 11（AH8、AG9、AB10、H11、AD11、Q13、F14、O14、S14、AD14、AE22）；协同子 4（E4、N7、T17、U19）；匠人 7（P6、E10、N12、M20、AE20、S23、X23）；旗手子 1（T19）；哨兵子 5（F12、F13、AD15、O17、O18）
[siege] 本局改造 8 处：立栅 C10–D10、立栅 M21–N21、立栅 AD21–AE21、立栅 B3–C3、立栅 W24–X24、立栅 N6–O6、立栅 S24–T24、立栅 N10–N11
[carry] 补给面板 关，结算面板 关；补给 —；档案存取 无（不读写档案）
[siege] 落成反馈：无
[show] 截图时演出：无（遮罩为空，画面即结算后快照）
[perf] 帧率 7，单帧处理 447.3 ms，绘制调用 2360，对象 4772，图元 228396；相机注视点 (0, 0) 距离 33.798
[perf-steady] 取图后冻结 3.00 秒共 1251 帧：平均 416.7 帧/秒（帧间隔 2.40 ms）；引擎最近一秒读数 帧率 454，单帧处理 3.14 ms；绘制调用 2360，对象 4772，图元 228396；垂直同步 Disabled
