Godot Engine v4.7.2.stable.mono.official.ed1daf0bf - https://godotengine.org
Metal 4.0 - Forward+ - Using Device #0: Apple - Apple M3 (Apple9)

[parts] 本次搭建地形部件：资源 678 件、程序生成 0 件（res://parts/terrain）
[batch] 障碍装饰合批 36 格：变体 15 种、子网格 24 个归入 MultiMesh 24 个、实例 59 个；未合批（逐格各建节点）0 格；场景面砖 0 格、MultiMesh 0 个
[batch] 地砖与台面归并（节点逐格保留，共用资源）：面砖材质 8 份、衬底材质 8 份、描边 / 边框材质 1 份、盒网格 0 份
[siege] 地图 siege-4p-base-v5，对局种子 20260915，你是 红方(P0)，AI 难度 标准（Standard，前瞻宽度 0），AI 评价权重 EvaluationWeights { PowerGain = 10, EnemyLoss = 8, Relic = 6, Safety = 35, Growth = 4, Initiative = 20, Supply = 2, Eye = 200, Threat = 25 }，自动演示模式（跑满 4 个大回合停止）
[parts] 本次搭建地形部件：资源 678 件、程序生成 0 件（res://parts/terrain）
[batch] 障碍装饰合批 36 格：变体 15 种、子网格 24 个归入 MultiMesh 24 个、实例 59 个；未合批（逐格各建节点）0 格；场景面砖 0 格、MultiMesh 0 个
[batch] 地砖与台面归并（节点逐格保留，共用资源）：面砖材质 14 份、衬底材质 14 份、描边 / 边框材质 4 份、盒网格 0 份
[show] 第 1 帧 AI结算：节拍 4（落子 3 / 提子 0 / 信物 2 / 揭示 1·最高 2 档 / 势力 4 / 横幅 0），零时长
[auto-demo] 第 5 帧暂放匠人 B1：已选 立栅 A1–A2，可改造目标 9 个（桥 0 / 栅 9 / 林 0）；格目标 无；工坊 未生效
[terrain-edit] 第 11 帧、第 1 大回合落成：立栅 A1–A2
[parts] 本次搭建地形部件：资源 679 件、程序生成 0 件（res://parts/terrain）
[batch] 障碍装饰合批 36 格：变体 15 种、子网格 24 个归入 MultiMesh 24 个、实例 59 个；未合批（逐格各建节点）0 格；场景面砖 0 格、MultiMesh 0 个
[batch] 地砖与台面归并（节点逐格保留，共用资源）：面砖材质 14 份、衬底材质 14 份、描边 / 边框材质 4 份、盒网格 0 份
[show] 第 12 帧 本机结算：节拍 4（落子 1 / 提子 0 / 信物 1 / 揭示 1·最高 1 档 / 势力 3 / 横幅 0），零时长
[show] 第 12 帧 AI结算：节拍 4（落子 3 / 提子 0 / 信物 2 / 揭示 1·最高 1 档 / 势力 3 / 横幅 0），零时长
[show] 第 13 帧 AI结算：节拍 4（落子 3 / 提子 0 / 信物 2 / 揭示 1·最高 1 档 / 势力 2 / 横幅 0），零时长
[show] 第 14 帧 AI结算：节拍 3（落子 3 / 提子 0 / 信物 0 / 揭示 1·最高 3 档 / 势力 1 / 横幅 0），零时长
[show] 第 15 帧 AI结算：节拍 3（落子 3 / 提子 0 / 信物 0 / 揭示 1·最高 4 档 / 势力 2 / 横幅 0），2970 ms
[sound] 第 16 帧（演出 16 ms）提示：落子·1 档（升 0 半音，音高 ×1.00）；没有音频节点，不发声
[sound] 第 31 帧（演出 256 ms）提示：落子·1 档（升 0 半音，音高 ×1.00）；没有音频节点，不发声
[sound] 第 47 帧（演出 512 ms）提示：落子·1 档（升 0 半音，音高 ×1.00）；没有音频节点，不发声
[sound] 第 62 帧（演出 752 ms）提示：揭示·1 档（升 0 半音，音高 ×1.00）；没有音频节点，不发声
[sound] 第 76 帧（演出 976 ms）提示：揭示·1 档（升 0 半音，音高 ×1.00）；没有音频节点，不发声
[sound] 第 90 帧（演出 1200 ms）提示：揭示·2 档（升 2 半音，音高 ×1.12）；没有音频节点，不发声
[sound] 第 104 帧（演出 1424 ms）提示：揭示·3 档（升 4 半音，音高 ×1.26）；没有音频节点，不发声
[sound] 第 117 帧（演出 1632 ms）提示：揭示·4 档（升 7 半音，音高 ×1.50）；没有音频节点，不发声
[life-shape] 截图取景：当前行动 红方(P0)，禁入格 18，已活棋串 3，棋串读法 关
[siege] 截图 /Users/rubioc/game_demo/art/formation-tiers/reveal-real.png：Ok（1600×900，第 127 帧，第 2 大回合，信息层 关，手牌信息面板 关，中央面板 关）
[siege] 势力栏：红方(P0) 势力 3（领地 2 + 棋串 1）；蓝方(P1) 势力 11（领地 7 + 棋串 4）；金方(P2) 势力 37（领地 8 + 棋串 29）；紫方(P3) 势力 68（领地 8 + 棋串 60）
[siege] 独占格 25（红方(P0) 2、蓝方(P1) 7、金方(P2) 8、紫方(P3) 8）
[siege] 势力排名面板 左 1259 右 1586 / 视口宽 1600：完整可见
[siege] 棋子：普通子 5（L2、M2、K11、B12、K12）；堡垒子 1（M11）；连珠子 5（M3、A11、B11、L12、M12）；倍增子 1（C12）；协同子 1（C10）；匠人 1（B1）；哨兵子 1（B10）；界碑子 1（L13）
[siege] 本局改造 1 处：立栅 A1–A2
[carry] 补给面板 关，结算面板 关；补给 —；档案存取 无（不读写档案）
[siege] 落成反馈：无
[show] 截图时演出：当前节拍 PowerRevealBeat，进度 777‰，时长模式 Normal；隐藏 0 枚，出现中 ，仍显示被提  淡出 0‰，势力显示 金方(P2) 37→37 现显示 37 ±0 旧值 名次 1→2；紫方(P3) 13→68 现显示 13 +55 旧值 名次 2→1；飘字 1 条（A11 连珠子 年龄 911‰），合计 无，信物闪光 无，横幅 无，中央面板 关
[show-perf] 演出帧 110 个；上一演出帧棋子节点 新建 0 / 销毁 0 / 原位更新 0 / 保持原实例 16；累计 新建 3 / 销毁 0 / 原位更新 46
[show-tier] 揭示条目 1 条：B11（紫方(P3)）「(6+12)×1.5×2.25 = 60」最新一步「= 60」4 档 步内 331‰ 已到末步（末步 4 档，结果年龄 76‰） → 字号 124 描边 18 弹出缩放 1.20；亮环 B11 1 圈 365‰；轻震 无（相机节点相对位姿的偏移 0）；势力栏放大 无
[show-tier] 常驻标注 4 条：1 档 2 条（字号 88：B1=1 M2=4）、3 档 1 条（字号 106：L12=29）、4 档 1 条（字号 118：B11=60）；遮罩给的显现进度（reveal-label-handoff：0 不画，其余按进度取透明度，不在表里的完全显示）B11 0‰；演出帧里这一层重画 110 次
[perf] 帧率 47，单帧处理 68.2 ms，绘制调用 940，对象 2163，图元 79570；相机注视点 (0, 0) 距离 18.854
