Godot Engine v4.7.2.stable.mono.official.ed1daf0bf - https://godotengine.org
Metal 4.0 - Forward+ - Using Device #0: Apple - Apple M3 (Apple9)

[parts] 本次搭建地形部件：资源 678 件、程序生成 0 件（res://parts/terrain）
[batch] 障碍装饰合批 36 格：变体 15 种、子网格 24 个归入 MultiMesh 24 个、实例 59 个；未合批（逐格各建节点）0 格；场景面砖 0 格、MultiMesh 0 个
[batch] 地砖与台面归并（节点逐格保留，共用资源）：面砖材质 8 份、衬底材质 8 份、描边 / 边框材质 1 份、盒网格 0 份
[siege] 地图 siege-4p-base-v5，对局种子 114486118860916，你是 红方(P0)，AI 难度 标准（Standard，前瞻宽度 0），AI 评价权重 EvaluationWeights { PowerGain = 10, EnemyLoss = 8, Relic = 6, Safety = 35, Growth = 4, Initiative = 20, Supply = 2, Eye = 200, Threat = 25 }
[reveal-preview] play：示例棋串 C8 「3×1.5 = 4」1 档（3 步）、E6 「(5+2)×1.5 = 10」2 档（4 步）、G8 「(5+2)×1.5×2.25 = 23」3 档（5 步）、J6 「(20+4)×1.5 = 36」4 档（4 步）、L8 「(10+4)×1.5×3.375 = 70」5 档（5 步）
[show] 第 10 帧 预览结算：节拍 10（落子 0 / 提子 0 / 信物 0 / 揭示 5·最高 5 档 / 势力 0 / 横幅 0），9780 ms
[sound] 第 10 帧（演出 0 ms）提示：揭示·1 档（升 0 半音，音高 ×1.00）；没有音频节点，不发声
[sound] 第 10 帧（演出 224 ms）提示：揭示·1 档（升 0 半音，音高 ×1.00）；没有音频节点，不发声
[sound] 第 10 帧（演出 448 ms）提示：揭示·1 档（升 0 半音，音高 ×1.00）；没有音频节点，不发声
[sound] 第 10 帧（演出 1568 ms）提示：揭示·1 档（升 0 半音，音高 ×1.00）；没有音频节点，不发声
[sound] 第 10 帧（演出 1792 ms）提示：揭示·1 档（升 0 半音，音高 ×1.00）；没有音频节点，不发声
[sound] 第 10 帧（演出 2000 ms）提示：揭示·1 档（升 0 半音，音高 ×1.00）；没有音频节点，不发声
[sound] 第 10 帧（演出 2224 ms）提示：揭示·2 档（升 2 半音，音高 ×1.12）；没有音频节点，不发声
[sound] 第 10 帧（演出 3344 ms）提示：揭示·1 档（升 0 半音，音高 ×1.00）；没有音频节点，不发声
[sound] 第 10 帧（演出 3568 ms）提示：揭示·1 档（升 0 半音，音高 ×1.00）；没有音频节点，不发声
[sound] 第 10 帧（演出 3792 ms）提示：揭示·1 档（升 0 半音，音高 ×1.00）；没有音频节点，不发声
[sound] 第 10 帧（演出 4000 ms）提示：揭示·2 档（升 2 半音，音高 ×1.12）；没有音频节点，不发声
[sound] 第 10 帧（演出 4224 ms）提示：揭示·3 档（升 4 半音，音高 ×1.26）；没有音频节点，不发声
[camera] 第 10 帧（截图对准格）注视点 (0, -1)，距离 8.047
[forbidden-marks] 截图取景：当前行动 无（非本机玩家），单子禁手 0 格（自杀手 0 / 同形 0 / 破坏活形 0）；全局预览 关，对准 G8，地图 13×13，末列列标 N（字号 96）
[forbidden-marks] 底边列标：画面内 0 个
[life-shape] 截图取景：当前行动 无，禁入格 0，已活棋串 0，棋串读法 关
[siege] 截图 /Users/rubioc/game_demo/art/formation-tiers/tier3-formation.png：Ok（1600×900，第 11 帧，第 0 大回合，信息层 关，手牌信息面板 关，中央面板 开）
[siege] 势力栏：
[siege] 独占格 0（）
[siege] 势力排名面板 左 1300 右 1586 / 视口宽 1600：完整可见
[siege] 棋子：
[siege] 本局改造 0 处：
[carry] 补给面板 关，结算面板 关；补给 —；档案存取 无（不读写档案）
[siege] 落成反馈：无
[show] 截图时演出：当前节拍 PowerRevealBeat，进度 890‰，时长模式 Normal；隐藏 0 枚，出现中 ，仍显示被提  淡出 0‰，势力显示 ；飘字 0 条，合计 无，信物闪光 无，横幅 无，中央面板 开
[show-perf] 演出帧 0 个；上一演出帧棋子节点 新建 0 / 销毁 0 / 原位更新 0 / 保持原实例 0；累计 新建 0 / 销毁 0 / 原位更新 0
[show-tier] 揭示条目 1 条：G8（红方(P0)）「(5+2)×1.5×2.25 = 23」最新一步「= 23」3 档 步内 454‰ 已到末步（末步 3 档，结果年龄 62‰） → 字号 100 描边 14 弹出缩放 1.09；亮环 无；轻震 无（相机节点相对位姿的偏移 0）；势力栏放大 无
[show-tier] 常驻标注 0 条：；遮罩给的显现进度（reveal-label-handoff：0 不画，其余按进度取透明度，不在表里的完全显示）J6 0‰、G8 0‰、L8 0‰；演出帧里这一层重画 0 次
[perf] 帧率 10，单帧处理 76.9 ms，绘制调用 386，对象 1517，图元 67271；相机注视点 (0, -1) 距离 8.047
