Godot Engine v4.7.2.stable.mono.official.ed1daf0bf - https://godotengine.org

[parts] 本次搭建地形部件：资源 3809 件、程序生成 0 件（res://parts/terrain）
[batch] 障碍装饰合批 1134 格：变体 20 种、子网格 29 个归入 MultiMesh 29 个、实例 1660 个；未合批（逐格各建节点）0 格；场景面砖 1134 格、MultiMesh 1 个
[batch] 地砖与台面归并（节点逐格保留，共用资源）：面砖材质 5 份、衬底材质 4 份、描边 / 边框材质 1 份、盒网格 8 份
[siege] 地图 siege-4p-board-v1，对局种子 20260915，你是 红方(P0)，AI 难度 标准（Standard，前瞻宽度 0），AI 评价权重 EvaluationWeights { PowerGain = 10, EnemyLoss = 8, Relic = 6, Safety = 35, Growth = 4, Initiative = 20, Supply = 2, Eye = 200, Threat = 25 }，自动演示模式（跑满 4 个大回合停止）
[parts] 本次搭建地形部件：资源 3809 件、程序生成 0 件（res://parts/terrain）
[batch] 障碍装饰合批 1134 格：变体 20 种、子网格 29 个归入 MultiMesh 29 个、实例 1660 个；未合批（逐格各建节点）0 格；场景面砖 1134 格、MultiMesh 1 个
[batch] 地砖与台面归并（节点逐格保留，共用资源）：面砖材质 13 份、衬底材质 12 份、描边 / 边框材质 5 份、盒网格 8 份
[camera] 第 0 帧（开局对准出生平台）注视点 (15, -9)，距离 12.646
[show] 第 1 帧 AI结算：节拍 4（落子 3 / 提子 0 / 信物 1 / 揭示 3·最高 1 档 / 势力 4 / 横幅 0），零时长
[auto-demo] 第 5 帧暂放匠人 AH27：已选 立栅 AF27–AG27，可改造目标 16 个（桥 0 / 栅 16 / 林 0）；格目标 无；工坊 未生效
[terrain-edit] 第 11 帧、第 1 大回合落成：立栅 AF27–AG27
[parts] 本次搭建地形部件：资源 3810 件、程序生成 0 件（res://parts/terrain）
[batch] 障碍装饰合批 1134 格：变体 20 种、子网格 29 个归入 MultiMesh 29 个、实例 1660 个；未合批（逐格各建节点）0 格；场景面砖 1134 格、MultiMesh 1 个
[batch] 地砖与台面归并（节点逐格保留，共用资源）：面砖材质 13 份、衬底材质 12 份、描边 / 边框材质 5 份、盒网格 8 份
[show] 第 12 帧 本机结算：节拍 3（落子 1 / 提子 0 / 信物 0 / 揭示 1·最高 1 档 / 势力 3 / 横幅 0），零时长
[show] 第 12 帧 AI结算：节拍 4（落子 2 / 提子 0 / 信物 1 / 揭示 2·最高 1 档 / 势力 3 / 横幅 0），零时长
[show] 第 13 帧 AI结算：节拍 4（落子 3 / 提子 0 / 信物 1 / 揭示 1·最高 1 档 / 势力 3 / 横幅 0），零时长
[show] 第 14 帧 AI结算：节拍 3（落子 3 / 提子 0 / 信物 0 / 揭示 3·最高 1 档 / 势力 1 / 横幅 0），零时长
[show] 第 15 帧 AI结算：节拍 3（落子 1 / 提子 0 / 信物 0 / 揭示 1·最高 1 档 / 势力 1 / 横幅 0），零时长
[terrain-edit] 第 15 帧、第 2 大回合落成：立栅 K30–K31
[parts] 本次搭建地形部件：资源 3811 件、程序生成 0 件（res://parts/terrain）
[batch] 障碍装饰合批 1134 格：变体 20 种、子网格 29 个归入 MultiMesh 29 个、实例 1660 个；未合批（逐格各建节点）0 格；场景面砖 1134 格、MultiMesh 1 个
[batch] 地砖与台面归并（节点逐格保留，共用资源）：面砖材质 13 份、衬底材质 12 份、描边 / 边框材质 5 份、盒网格 8 份
[show] 第 16 帧 AI结算：节拍 3（落子 1 / 提子 0 / 信物 0 / 揭示 1·最高 1 档 / 势力 1 / 横幅 0），零时长
[terrain-edit] 第 16 帧、第 2 大回合落成：立栅 X37–Y37
[parts] 本次搭建地形部件：资源 3812 件、程序生成 0 件（res://parts/terrain）
[batch] 障碍装饰合批 1134 格：变体 20 种、子网格 29 个归入 MultiMesh 29 个、实例 1660 个；未合批（逐格各建节点）0 格；场景面砖 1134 格、MultiMesh 1 个
[batch] 地砖与台面归并（节点逐格保留，共用资源）：面砖材质 13 份、衬底材质 12 份、描边 / 边框材质 5 份、盒网格 8 份
[show] 第 27 帧 本机结算：节拍 4（落子 1 / 提子 0 / 信物 1 / 揭示 1·最高 1 档 / 势力 1 / 横幅 0），零时长
[show] 第 27 帧 AI结算：节拍 3（落子 3 / 提子 0 / 信物 0 / 揭示 3·最高 1 档 / 势力 1 / 横幅 0），零时长
[show] 第 28 帧 AI结算：节拍 3（落子 3 / 提子 0 / 信物 0 / 揭示 2·最高 2 档 / 势力 1 / 横幅 0），零时长
[show] 第 29 帧 AI结算：节拍 3（落子 3 / 提子 0 / 信物 0 / 揭示 3·最高 1 档 / 势力 1 / 横幅 0），零时长
[show] 第 40 帧 本机结算：节拍 3（落子 1 / 提子 0 / 信物 0 / 揭示 1·最高 1 档 / 势力 1 / 横幅 0），零时长
[show] 第 40 帧 AI结算：节拍 4（落子 1 / 提子 0 / 信物 1 / 揭示 1·最高 1 档 / 势力 1 / 横幅 0），零时长
[show] 第 41 帧 AI结算：节拍 4（落子 1 / 提子 0 / 信物 1 / 揭示 1·最高 1 档 / 势力 1 / 横幅 0），零时长
[show] 第 42 帧 AI结算：节拍 3（落子 1 / 提子 0 / 信物 0 / 揭示 1·最高 1 档 / 势力 2 / 横幅 0），零时长
[show] 第 53 帧 本机结算：节拍 3（落子 1 / 提子 0 / 信物 0 / 揭示 1·最高 1 档 / 势力 1 / 横幅 0），零时长
[auto-demo] 演示停止：跑满 4 个大回合（--rounds 停止点，不是终局；对局停在第 5 大回合）；无名次
[auto-demo] 盘面摘要 B9E2A21D75AFAF0A：地图 siege-4p-board-v1，对局种子 20260915，第 5 大回合
[perf] 启动到首帧 497 ms，启动到终局 3833 ms，共 53 帧
[sound] 音频节点 0（无人值守：不创建音效节点、不合成波形）
[camera] 开局对准自检：出生平台 35 格，整格在画面内 35；开局对准之后位姿变化 0 次（无人值守下相机不得因对手行动移动）；通过
