Godot Engine v4.7.2.stable.mono.official.ed1daf0bf - https://godotengine.org

[parts] 本次搭建地形部件：资源 4064 件、程序生成 0 件（res://parts/terrain）
[batch] 障碍装饰合批 1163 格：变体 20 种、子网格 29 个归入 MultiMesh 29 个、实例 1704 个；未合批（逐格各建节点）0 格；场景面砖 1163 格、MultiMesh 1 个
[batch] 地砖与台面归并（节点逐格保留，共用资源）：面砖材质 5 份、衬底材质 4 份、描边 / 边框材质 1 份、盒网格 5 份
[siege] 选图界面：当前 board:12345（点「开始」后建局；命令行给 --map=<标识> 可跳过选图）
[camera] 第 0 帧（全局预览）注视点 (0, 0)，距离 56.791
[map-select] 自检第 0 步「选中随机棋盘图」→ board:12345（46×37，5 个出生区，可落子 539 格，棋盘 7 块（出生 5、公共 2）；全局预览 开）：通过
[parts] 本次搭建地形部件：资源 4444 件、程序生成 0 件（res://parts/terrain）
[batch] 障碍装饰合批 1379 格：变体 20 种、子网格 29 个归入 MultiMesh 29 个、实例 2013 个；未合批（逐格各建节点）0 格；场景面砖 1379 格、MultiMesh 1 个
[batch] 地砖与台面归并（节点逐格保留，共用资源）：面砖材质 5 份、衬底材质 4 份、描边 / 边框材质 1 份、盒网格 5 份
[siege] 选图预览：board:768816780
[map-select] 自检第 1 步「换一张」→ board:768816780（45×42，5 个出生区，可落子 511 格，棋盘 7 块（出生 5、公共 2）；全局预览 关）：通过
[camera] 第 2 帧（全局预览）注视点 (0, 0)，距离 55.641
[parts] 本次搭建地形部件：资源 5032 件、程序生成 0 件（res://parts/terrain）
[batch] 障碍装饰合批 1710 格：变体 20 种、子网格 29 个归入 MultiMesh 29 个、实例 2525 个；未合批（逐格各建节点）0 格；场景面砖 1710 格、MultiMesh 1 个
[batch] 地砖与台面归并（节点逐格保留，共用资源）：面砖材质 5 份、衬底材质 4 份、描边 / 边框材质 1 份、盒网格 8 份
[siege] 选图预览：board:768816780:p3
[map-select] 自检第 2 步「人数 −1」→ board:768816780:p3（46×48，4 个出生区，可落子 498 格，棋盘 6 块（出生 4、公共 2）；全局预览 关）：通过
[camera] 第 3 帧（全局预览）注视点 (0, 0)，距离 59.09
[parts] 本次搭建地形部件：资源 4364 件、程序生成 0 件（res://parts/terrain）
[batch] 障碍装饰合批 1441 格：变体 20 种、子网格 29 个归入 MultiMesh 29 个、实例 2128 个；未合批（逐格各建节点）0 格；场景面砖 1441 格、MultiMesh 1 个
[batch] 地砖与台面归并（节点逐格保留，共用资源）：面砖材质 5 份、衬底材质 4 份、描边 / 边框材质 1 份、盒网格 8 份
[siege] 选图预览：board:768816780:p3:n7
[map-select] 自检第 3 步「棋盘数 +1（到上限则 −1）」→ board:768816780:p3:n7（45×42，4 个出生区，可落子 449 格，棋盘 7 块（出生 4、公共 3）；全局预览 关）：通过
[camera] 第 4 帧（全局预览）注视点 (0, 0)，距离 55.641
[map-select] 自检第 4 步「输入非法种子 abc」→ board:768816780:p3:n7（45×42，4 个出生区，可落子 449 格，棋盘 7 块（出生 4、公共 3）；全局预览 开）：通过
[parts] 本次搭建地形部件：资源 4306 件、程序生成 0 件（res://parts/terrain）
[batch] 障碍装饰合批 1298 格：变体 20 种、子网格 29 个归入 MultiMesh 29 个、实例 1902 个；未合批（逐格各建节点）0 格；场景面砖 1298 格、MultiMesh 1 个
[batch] 地砖与台面归并（节点逐格保留，共用资源）：面砖材质 5 份、衬底材质 4 份、描边 / 边框材质 1 份、盒网格 6 份
[siege] 选图预览：board:12345:p3:n7
[map-select] 自检第 5 步「输入种子 12345」→ board:12345:p3:n7（42×44，4 个出生区，可落子 550 格，棋盘 7 块（出生 4、公共 3）；全局预览 关）：通过
[camera] 第 6 帧（全局预览）注视点 (0, 0)，距离 54.491
[parts] 本次搭建地形部件：资源 3809 件、程序生成 0 件（res://parts/terrain）
[batch] 障碍装饰合批 1134 格：变体 20 种、子网格 29 个归入 MultiMesh 29 个、实例 1660 个；未合批（逐格各建节点）0 格；场景面砖 1134 格、MultiMesh 1 个
[batch] 地砖与台面归并（节点逐格保留，共用资源）：面砖材质 5 份、衬底材质 4 份、描边 / 边框材质 1 份、盒网格 8 份
[siege] 选图预览：siege-4p-board-v1
[map-select] 自检第 6 步「选中第 1 项内置棋盘图」→ siege-4p-board-v1（39×41，5 个出生区，可落子 465 格，棋盘 7 块（出生 5、公共 2）；全局预览 关）：通过
[camera] 第 7 帧（全局预览）注视点 (0, 0)，距离 51.043
[parts] 本次搭建地形部件：资源 3525 件、程序生成 0 件（res://parts/terrain）
[batch] 障碍装饰合批 1049 格：变体 20 种、子网格 29 个归入 MultiMesh 29 个、实例 1534 个；未合批（逐格各建节点）0 格；场景面砖 1049 格、MultiMesh 1 个
[batch] 地砖与台面归并（节点逐格保留，共用资源）：面砖材质 5 份、衬底材质 4 份、描边 / 边框材质 1 份、盒网格 7 份
[siege] 选图预览：siege-3p-board-v1
[map-select] 自检第 7 步「选中第 2 项内置棋盘图」→ siege-3p-board-v1（39×38，4 个出生区，可落子 433 格，棋盘 6 块（出生 4、公共 2）；全局预览 关）：通过
[camera] 第 8 帧（全局预览）注视点 (0, 0)，距离 48.743
[parts] 本次搭建地形部件：资源 2706 件、程序生成 0 件（res://parts/terrain）
[batch] 障碍装饰合批 754 格：变体 20 种、子网格 29 个归入 MultiMesh 29 个、实例 1092 个；未合批（逐格各建节点）0 格；场景面砖 754 格、MultiMesh 1 个
[batch] 地砖与台面归并（节点逐格保留，共用资源）：面砖材质 5 份、衬底材质 4 份、描边 / 边框材质 1 份、盒网格 6 份
[siege] 选图预览：siege-2p-board-v1
[map-select] 自检第 8 步「选中第 3 项内置棋盘图」→ siege-2p-board-v1（32×35，3 个出生区，可落子 366 格，棋盘 5 块（出生 3、公共 2）；全局预览 关）：通过
[camera] 第 9 帧（全局预览）注视点 (0, 0)，距离 44.145
[parts] 本次搭建地形部件：资源 4064 件、程序生成 0 件（res://parts/terrain）
[batch] 障碍装饰合批 1163 格：变体 20 种、子网格 29 个归入 MultiMesh 29 个、实例 1704 个；未合批（逐格各建节点）0 格；场景面砖 1163 格、MultiMesh 1 个
[batch] 地砖与台面归并（节点逐格保留，共用资源）：面砖材质 5 份、衬底材质 4 份、描边 / 边框材质 1 份、盒网格 5 份
[siege] 选图预览：board:12345
[map-select] 自检第 9 步「回到进入时的那一项」→ board:12345（46×37，5 个出生区，可落子 539 格，棋盘 7 块（出生 5、公共 2）；全局预览 关）：通过
[camera] 第 10 帧（全局预览）注视点 (0, 0)，距离 56.791
[parts] 本次搭建地形部件：资源 4064 件、程序生成 0 件（res://parts/terrain）
[batch] 障碍装饰合批 1163 格：变体 20 种、子网格 29 个归入 MultiMesh 29 个、实例 1704 个；未合批（逐格各建节点）0 格；场景面砖 1163 格、MultiMesh 1 个
[batch] 地砖与台面归并（节点逐格保留，共用资源）：面砖材质 5 份、衬底材质 4 份、描边 / 边框材质 1 份、盒网格 5 份
[camera] 第 10 帧（选图确认）注视点 (0, 0)，距离 28
[siege] 地图 board:12345，对局种子 20260915，你是 红方(P0)，AI 难度 标准（Standard，前瞻宽度 0），AI 评价权重 EvaluationWeights { PowerGain = 10, EnemyLoss = 8, Relic = 6, Safety = 35, Growth = 4, Initiative = 20, Supply = 2, Eye = 200, Threat = 25 }，自动演示模式（跑满 4 个大回合停止）
[map-select] 自检第 10 步「开始（棋盘节点 2117 / 进入时 2117，游离节点 0 / 进入时 0）」→ 已建局 board:12345：通过
[parts] 本次搭建地形部件：资源 4064 件、程序生成 0 件（res://parts/terrain）
[batch] 障碍装饰合批 1163 格：变体 20 种、子网格 29 个归入 MultiMesh 29 个、实例 1704 个；未合批（逐格各建节点）0 格；场景面砖 1163 格、MultiMesh 1 个
[batch] 地砖与台面归并（节点逐格保留，共用资源）：面砖材质 13 份、衬底材质 12 份、描边 / 边框材质 5 份、盒网格 5 份
[camera] 第 11 帧（开局对准出生平台）注视点 (17.5, -7)，距离 12.646
[show] 第 12 帧 AI结算：节拍 4（落子 3 / 提子 0 / 信物 1 / 揭示 3·最高 1 档 / 势力 4 / 横幅 0），零时长
[auto-demo] 第 16 帧暂放匠人 AN23：已选 立栅 AL23–AM23，可改造目标 16 个（桥 0 / 栅 16 / 林 0）；格目标 无；工坊 未生效
[terrain-edit] 第 22 帧、第 1 大回合落成：立栅 AL23–AM23
[parts] 本次搭建地形部件：资源 4065 件、程序生成 0 件（res://parts/terrain）
[batch] 障碍装饰合批 1163 格：变体 20 种、子网格 29 个归入 MultiMesh 29 个、实例 1704 个；未合批（逐格各建节点）0 格；场景面砖 1163 格、MultiMesh 1 个
[batch] 地砖与台面归并（节点逐格保留，共用资源）：面砖材质 13 份、衬底材质 12 份、描边 / 边框材质 5 份、盒网格 5 份
[show] 第 23 帧 本机结算：节拍 3（落子 1 / 提子 0 / 信物 0 / 揭示 1·最高 1 档 / 势力 3 / 横幅 0），零时长
[show] 第 23 帧 AI结算：节拍 4（落子 2 / 提子 0 / 信物 1 / 揭示 2·最高 1 档 / 势力 3 / 横幅 0），零时长
[show] 第 24 帧 AI结算：节拍 4（落子 2 / 提子 0 / 信物 1 / 揭示 2·最高 1 档 / 势力 2 / 横幅 0），零时长
[show] 第 25 帧 AI结算：节拍 3（落子 3 / 提子 0 / 信物 0 / 揭示 3·最高 1 档 / 势力 1 / 横幅 0），零时长
[show] 第 26 帧 AI结算：节拍 3（落子 1 / 提子 0 / 信物 0 / 揭示 1·最高 1 档 / 势力 2 / 横幅 0），零时长
[show] 第 27 帧 AI结算：节拍 3（落子 2 / 提子 0 / 信物 0 / 揭示 2·最高 1 档 / 势力 2 / 横幅 0），零时长
[terrain-edit] 第 27 帧、第 2 大回合落成：立栅 AB9–AC9
[parts] 本次搭建地形部件：资源 4066 件、程序生成 0 件（res://parts/terrain）
[batch] 障碍装饰合批 1163 格：变体 20 种、子网格 29 个归入 MultiMesh 29 个、实例 1704 个；未合批（逐格各建节点）0 格；场景面砖 1163 格、MultiMesh 1 个
[batch] 地砖与台面归并（节点逐格保留，共用资源）：面砖材质 13 份、衬底材质 12 份、描边 / 边框材质 5 份、盒网格 5 份
[show] 第 38 帧 本机结算：节拍 3（落子 1 / 提子 0 / 信物 0 / 揭示 1·最高 1 档 / 势力 1 / 横幅 0），零时长
[show] 第 38 帧 AI结算：节拍 3（落子 3 / 提子 0 / 信物 0 / 揭示 3·最高 1 档 / 势力 1 / 横幅 0），零时长
[show] 第 39 帧 AI结算：节拍 3（落子 2 / 提子 0 / 信物 0 / 揭示 2·最高 1 档 / 势力 1 / 横幅 0），零时长
[show] 第 40 帧 AI结算：节拍 3（落子 2 / 提子 0 / 信物 0 / 揭示 2·最高 1 档 / 势力 1 / 横幅 0），零时长
[show] 第 51 帧 本机结算：节拍 3（落子 1 / 提子 0 / 信物 0 / 揭示 1·最高 1 档 / 势力 1 / 横幅 0），零时长
[show] 第 51 帧 AI结算：节拍 4（落子 1 / 提子 0 / 信物 1 / 揭示 1·最高 1 档 / 势力 1 / 横幅 0），零时长
[show] 第 52 帧 AI结算：节拍 4（落子 1 / 提子 0 / 信物 1 / 揭示 1·最高 1 档 / 势力 1 / 横幅 0），零时长
[show] 第 53 帧 AI结算：节拍 4（落子 1 / 提子 0 / 信物 1 / 揭示 1·最高 1 档 / 势力 1 / 横幅 0），零时长
[show] 第 64 帧 本机结算：节拍 3（落子 1 / 提子 0 / 信物 0 / 揭示 1·最高 1 档 / 势力 1 / 横幅 0），零时长
[auto-demo] 演示停止：跑满 4 个大回合（--rounds 停止点，不是终局；对局停在第 5 大回合）；无名次
[auto-demo] 盘面摘要 160306D6C0261897：地图 board:12345，对局种子 20260915，第 5 大回合
[perf] 启动到首帧 492 ms，启动到终局 4257 ms，共 64 帧
[sound] 音频节点 0（无人值守：不创建音效节点、不合成波形）
[camera] 开局对准自检：出生平台 49 格，整格在画面内 49；开局对准之后位姿变化 0 次（无人值守下相机不得因对手行动移动）；通过
