Godot Engine v4.7.2.stable.mono.official.ed1daf0bf - https://godotengine.org
Metal 4.0 - Forward+ - Using Device #0: Apple - Apple M3 (Apple9)

[parts] 本次搭建地形部件：资源 678 件、程序生成 0 件（res://parts/terrain）
[batch] 障碍装饰合批 36 格：变体 15 种、子网格 24 个归入 MultiMesh 24 个、实例 59 个；未合批（逐格各建节点）0 格；场景面砖 0 格、MultiMesh 0 个
[batch] 地砖与台面归并（节点逐格保留，共用资源）：面砖材质 8 份、衬底材质 8 份、描边 / 边框材质 1 份、盒网格 0 份
[siege] 地图 siege-4p-base-v5，对局种子 1，你是 红方(P0)，AI 难度 标准（Standard，前瞻宽度 0），AI 评价权重 EvaluationWeights { PowerGain = 10, EnemyLoss = 8, Relic = 6, Safety = 35, Growth = 4, Initiative = 20, Supply = 2, Eye = 200, Threat = 25 }，自动演示模式（跑满 14 个大回合停止）
[parts] 本次搭建地形部件：资源 678 件、程序生成 0 件（res://parts/terrain）
[batch] 障碍装饰合批 36 格：变体 15 种、子网格 24 个归入 MultiMesh 24 个、实例 59 个；未合批（逐格各建节点）0 格；场景面砖 0 格、MultiMesh 0 个
[batch] 地砖与台面归并（节点逐格保留，共用资源）：面砖材质 14 份、衬底材质 14 份、描边 / 边框材质 4 份、盒网格 0 份
[auto-demo] 第 4 帧暂放匠人 B1：已选 立栅 A1–A2，可改造目标 9 个（桥 0 / 栅 9 / 林 0）；格目标 无；工坊 未生效
[terrain-edit] 第 10 帧、第 1 大回合落成：立栅 A1–A2
[parts] 本次搭建地形部件：资源 679 件、程序生成 0 件（res://parts/terrain）
[batch] 障碍装饰合批 36 格：变体 15 种、子网格 24 个归入 MultiMesh 24 个、实例 59 个；未合批（逐格各建节点）0 格；场景面砖 0 格、MultiMesh 0 个
[batch] 地砖与台面归并（节点逐格保留，共用资源）：面砖材质 14 份、衬底材质 14 份、描边 / 边框材质 4 份、盒网格 0 份
[show] 第 11 帧 本机结算：节拍 4（落子 1 / 提子 0 / 信物 1 / 揭示 1·最高 1 档 / 势力 4 / 横幅 0），零时长
[show] 第 11 帧 AI结算：节拍 4（落子 3 / 提子 0 / 信物 2 / 揭示 1·最高 2 档 / 势力 4 / 横幅 0），零时长
[show] 第 12 帧 AI结算：节拍 4（落子 3 / 提子 0 / 信物 2 / 揭示 1·最高 2 档 / 势力 4 / 横幅 0），零时长
[show] 第 13 帧 AI结算：节拍 4（落子 3 / 提子 0 / 信物 2 / 揭示 1·最高 3 档 / 势力 4 / 横幅 0），零时长
[show] 第 14 帧 AI结算：节拍 3（落子 2 / 提子 0 / 信物 0 / 揭示 2·最高 3 档 / 势力 1 / 横幅 0），零时长
[show] 第 15 帧 AI结算：节拍 3（落子 3 / 提子 0 / 信物 0 / 揭示 1·最高 4 档 / 势力 2 / 横幅 0），零时长
[show] 第 16 帧 AI结算：节拍 3（落子 3 / 提子 0 / 信物 0 / 揭示 1·最高 4 档 / 势力 2 / 横幅 0），零时长
[show] 第 27 帧 本机结算：节拍 3（落子 1 / 提子 0 / 信物 0 / 揭示 1·最高 1 档 / 势力 1 / 横幅 0），零时长
[show] 第 27 帧 AI结算：节拍 3（落子 2 / 提子 0 / 信物 0 / 揭示 2·最高 5 档 / 势力 1 / 横幅 0），零时长
[show] 第 28 帧 AI结算：节拍 0（落子 0 / 提子 0 / 信物 0 / 揭示 0 / 势力 0 / 横幅 0），零时长
[show] 第 29 帧 AI结算：节拍 3（落子 1 / 提子 0 / 信物 0 / 揭示 1·最高 4 档 / 势力 1 / 横幅 0），零时长
[show] 第 40 帧 本机结算：节拍 3（落子 1 / 提子 0 / 信物 0 / 揭示 1·最高 1 档 / 势力 1 / 横幅 0），零时长
[show] 第 40 帧 AI结算：节拍 4（落子 3 / 提子 0 / 信物 2 / 揭示 2·最高 2 档 / 势力 1 / 横幅 0），零时长
[show] 第 41 帧 AI结算：节拍 4（落子 3 / 提子 0 / 信物 1 / 揭示 2·最高 2 档 / 势力 2 / 横幅 0），零时长
[show] 第 42 帧 AI结算：节拍 4（落子 3 / 提子 0 / 信物 1 / 揭示 1·最高 3 档 / 势力 1 / 横幅 0），零时长
[auto-demo] 第 46 帧暂放匠人 F5：已选 烧林 E5，可改造目标 17 个（桥 1 / 栅 15 / 林 1）；格目标 F4、E5；工坊 未生效
[terrain-edit] 第 52 帧、第 5 大回合落成：烧林 E5
[parts] 本次搭建地形部件：资源 678 件、程序生成 0 件（res://parts/terrain）
[batch] 障碍装饰合批 36 格：变体 16 种、子网格 25 个归入 MultiMesh 25 个、实例 59 个；未合批（逐格各建节点）0 格；场景面砖 0 格、MultiMesh 0 个
[batch] 地砖与台面归并（节点逐格保留，共用资源）：面砖材质 14 份、衬底材质 14 份、描边 / 边框材质 4 份、盒网格 0 份
[show] 第 53 帧 本机结算：节拍 4（落子 1 / 提子 0 / 信物 1 / 揭示 1·最高 1 档 / 势力 1 / 横幅 0），零时长
[show] 第 53 帧 AI结算：节拍 3（落子 2 / 提子 0 / 信物 0 / 揭示 2·最高 2 档 / 势力 1 / 横幅 0），零时长
[show] 第 54 帧 AI结算：节拍 3（落子 3 / 提子 0 / 信物 0 / 揭示 3·最高 2 档 / 势力 2 / 横幅 0），零时长
[show] 第 55 帧 AI结算：节拍 3（落子 3 / 提子 0 / 信物 0 / 揭示 3·最高 3 档 / 势力 2 / 横幅 0），零时长
[show] 第 66 帧 本机结算：节拍 3（落子 1 / 提子 0 / 信物 0 / 揭示 1·最高 1 档 / 势力 1 / 横幅 0），零时长
[show] 第 66 帧 AI结算：节拍 4（落子 4 / 提子 0 / 信物 1 / 揭示 4·最高 5 档 / 势力 4 / 横幅 0），零时长
[show] 第 67 帧 AI结算：节拍 3（落子 4 / 提子 0 / 信物 0 / 揭示 4·最高 3 档 / 势力 4 / 横幅 0），零时长
[show] 第 68 帧 AI结算：节拍 3（落子 3 / 提子 0 / 信物 0 / 揭示 3·最高 5 档 / 势力 3 / 横幅 0），零时长
[life-shape] 截图取景：当前行动 红方(P0)，禁入格 31，已活棋串 9，棋串读法 关
[siege] 截图 /Users/rubioc/game_demo/art/tiered-number-show/group-labels.png：Ok（1600×900，第 74 帧，第 6 大回合，信息层 关，手牌信息面板 关，中央面板 关）
[siege] 势力栏：红方(P0) 势力 6（领地 1 + 棋串 5）；蓝方(P1) 势力 66（领地 14 + 棋串 52）；金方(P2) 势力 113（领地 12 + 棋串 101）；紫方(P3) 势力 76（领地 12 + 棋串 64）
[siege] 独占格 39（红方(P0) 1、蓝方(P1) 14、金方(P2) 12、紫方(P3) 12）
[siege] 势力排名面板 左 1226 右 1586 / 视口宽 1600：完整可见
[siege] 棋子：普通子 18（C1、D1、A2、H2、L2、B3、D3、G3、N3、M5、G8、M8、J9、N10、B11、M11、B12、M12）；堡垒子 10（M3、L4、E5、J5、C7、E7、J7、L7、K11、F12）；连珠子 3（B6、F7、E9）；倍增子 7（C8、B9、B10、G11、C12、J12、N12）；协同子 7（M2、L5、G9、C10、H11、K12、L13）；匠人 2（B1、F5）；铁链子 1（K7）；哨兵子 4（C2、N4、G7、A11）；界碑子 1（L12）
[siege] 本局改造 2 处：立栅 A1–A2、烧林 E5
[siege] 暂放：B2 普通子
[siege] 改造高亮：；工坊 未生效
[carry] 补给面板 关，结算面板 关；补给 —；档案存取 无（不读写档案）
[siege] 落成反馈：无
[show] 截图时演出：无（遮罩为空，画面即结算后快照）
[show-tier] 揭示条目 0 条：无；亮环 无；轻震 无（相机节点相对位姿的偏移 0）；势力栏放大 无
[show-tier] 常驻标注 26 条：1 档 13 条（字号 88：C1=3 A2=1 F5=1 H2=1 D3=1 M8=1 B3=1 G3=1 J9=1 N10=1 C2=3 B6=1 E9=1）、2 档 8 条（字号 96：J5=4 G7=5 G8=5 G11=7 F12=4 E5=4 C7=7 E7=5）、3 档 2 条（字号 106：L5=12 K7=11）、4 档 1 条（字号 118：M3=17）、5 档 2 条（字号 132：L12=81 B11=43）
[perf] 帧率 19，单帧处理 139.2 ms，绘制调用 1717，对象 3010，图元 93164；相机注视点 (0, 0) 距离 18.854
