Godot Engine v4.7.2.stable.mono.official.ed1daf0bf - https://godotengine.org
Metal 4.0 - Forward+ - Using Device #0: Apple - Apple M3 (Apple9)

[parts] 本次搭建地形部件：资源 678 件、程序生成 0 件（res://parts/terrain）
[batch] 障碍装饰合批 36 格：变体 15 种、子网格 24 个归入 MultiMesh 24 个、实例 59 个；未合批（逐格各建节点）0 格；场景面砖 0 格、MultiMesh 0 个
[batch] 地砖与台面归并（节点逐格保留，共用资源）：面砖材质 8 份、衬底材质 8 份、描边 / 边框材质 1 份、盒网格 0 份
[siege] 地图 siege-4p-base-v5，对局种子 81562164600875，你是 红方(P0)，AI 难度 标准（Standard，前瞻宽度 0），AI 评价权重 EvaluationWeights { PowerGain = 10, EnemyLoss = 8, Relic = 6, Safety = 35, Growth = 4, Initiative = 20, Supply = 2, Eye = 200, Threat = 25 }
[reveal-preview] ladder：示例棋串 C8 「3」1 档（1 步）、E6 「4+2 = 6」2 档（3 步）、G8 「(5+2)×1.5 = 10」3 档（4 步）、J6 「(9+3)×1.5 = 18」4 档（4 步）、L8 「(20+4)×1.5 = 36」5 档（4 步）
[camera] 第 10 帧（截图对准格）注视点 (0, -0)，距离 13.744
[forbidden-marks] 截图取景：当前行动 无（非本机玩家），单子禁手 0 格（自杀手 0 / 同形 0 / 破坏活形 0）；全局预览 关，对准 G7，地图 13×13，末列列标 N（字号 96）
[forbidden-marks] 底边列标：画面内 0 个
[life-shape] 截图取景：当前行动 无，禁入格 0，已活棋串 0，棋串读法 关
[siege] 截图 /Users/rubioc/game_demo/art/tiered-number-show/ladder.png：Ok（1600×900，第 10 帧，第 0 大回合，信息层 关，手牌信息面板 关，中央面板 开）
[siege] 势力栏：
[siege] 独占格 0（）
[siege] 势力排名面板 左 1300 右 1586 / 视口宽 1600：完整可见
[siege] 棋子：
[siege] 本局改造 0 处：
[carry] 补给面板 关，结算面板 关；补给 —；档案存取 无（不读写档案）
[siege] 落成反馈：无
[show] 截图时演出：定格预览（--reveal-preview=ladder，遮罩为手工拼的五档终态，不在时间线上）
[show-tier] 揭示条目 5 条：C8（红方(P0)）「3」最新一步「3」1 档 步内 1000‰ 已到末步（末步 1 档，结果年龄 0‰） → 字号 72 描边 10 弹出缩放 1.00；E6（红方(P0)）「4+2 = 6」最新一步「= 6」2 档 步内 1000‰ 已到末步（末步 2 档，结果年龄 0‰） → 字号 84 描边 12 弹出缩放 1.00；G8（红方(P0)）「(5+2)×1.5 = 10」最新一步「= 10」3 档 步内 1000‰ 已到末步（末步 3 档，结果年龄 0‰） → 字号 100 描边 14 弹出缩放 1.00；J6（红方(P0)）「(9+3)×1.5 = 18」最新一步「= 18」4 档 步内 1000‰ 已到末步（末步 4 档，结果年龄 0‰） → 字号 124 描边 18 弹出缩放 1.00；L8（红方(P0)）「(20+4)×1.5 = 36」最新一步「= 36」5 档 步内 1000‰ 已到末步（末步 5 档，结果年龄 0‰） → 字号 156 描边 22 弹出缩放 1.00；亮环 J6 1 圈 500‰、L8 2 圈 500‰；轻震 无（相机节点相对位姿的偏移 0）；势力栏放大 无
[show-tier] 常驻标注 0 条：
[perf] 帧率 1，单帧处理 0.0 ms，绘制调用 408，对象 1654，图元 70103；相机注视点 (0, -0) 距离 13.744
