Godot Engine v4.7.2.stable.mono.official.ed1daf0bf - https://godotengine.org
Metal 4.0 - Forward+ - Using Device #0: Apple - Apple M3 (Apple9)

[parts] 本次搭建地形部件：资源 2529 件、程序生成 0 件（res://parts/terrain）
[batch] 障碍装饰合批 517 格：变体 20 种、子网格 29 个归入 MultiMesh 29 个、实例 767 个；未合批（逐格各建节点）0 格；场景面砖 517 格、MultiMesh 1 个
[batch] 地砖与台面归并（节点逐格保留，共用资源）：面砖材质 7 份、衬底材质 6 份、描边 / 边框材质 1 份、盒网格 9 份
[siege] 地图 board:1，对局种子 81564678817500，你是 红方(P0)，AI 难度 标准（Standard，前瞻宽度 0），AI 评价权重 EvaluationWeights { PowerGain = 10, EnemyLoss = 8, Relic = 6, Safety = 35, Growth = 4, Initiative = 20, Supply = 2, Eye = 200, Threat = 25 }
[camera] 第 0 帧（预览对准示例棋串）注视点 (0, -1.5)，距离 28
[reveal-preview] ladder：示例棋串 Q15 「3」1 档（1 步）、S13 「4+2 = 6」2 档（3 步）、U15 「(5+2)×1.5 = 10」3 档（4 步）、W13 「(9+3)×1.5 = 18」4 档（4 步）、Y15 「(20+4)×1.5 = 36」5 档（4 步）
[camera] 第 8 帧（全局预览）注视点 (0, 0)，距离 33.798
[life-shape] 截图取景：当前行动 无，禁入格 0，已活棋串 0，棋串读法 关
[siege] 截图 /Users/rubioc/game_demo/art/tiered-number-show/ladder-overview-board1.png：Ok（1600×900，第 10 帧，第 0 大回合，信息层 关，手牌信息面板 关，中央面板 开）
[siege] 势力栏：
[siege] 独占格 0（）
[siege] 势力排名面板 左 1300 右 1586 / 视口宽 1600：完整可见
[siege] 棋子：
[siege] 本局改造 0 处：
[carry] 补给面板 关，结算面板 关；补给 —；档案存取 无（不读写档案）
[siege] 落成反馈：无
[show] 截图时演出：定格预览（--reveal-preview=ladder，遮罩为手工拼的五档终态，不在时间线上）
[show-tier] 揭示条目 5 条：Q15（红方(P0)）「3」最新一步「3」1 档 步内 1000‰ 已到末步（末步 1 档，结果年龄 0‰） → 字号 72 描边 10 弹出缩放 1.00；S13（红方(P0)）「4+2 = 6」最新一步「= 6」2 档 步内 1000‰ 已到末步（末步 2 档，结果年龄 0‰） → 字号 84 描边 12 弹出缩放 1.00；U15（红方(P0)）「(5+2)×1.5 = 10」最新一步「= 10」3 档 步内 1000‰ 已到末步（末步 3 档，结果年龄 0‰） → 字号 100 描边 14 弹出缩放 1.00；W13（红方(P0)）「(9+3)×1.5 = 18」最新一步「= 18」4 档 步内 1000‰ 已到末步（末步 4 档，结果年龄 0‰） → 字号 124 描边 18 弹出缩放 1.00；Y15（红方(P0)）「(20+4)×1.5 = 36」最新一步「= 36」5 档 步内 1000‰ 已到末步（末步 5 档，结果年龄 0‰） → 字号 156 描边 22 弹出缩放 1.00；亮环 W13 1 圈 500‰、Y15 2 圈 500‰；轻震 无（相机节点相对位姿的偏移 0）；势力栏放大 无
[show-tier] 常驻标注 0 条（全局预览下不画）：
[perf] 帧率 9，单帧处理 101.6 ms，绘制调用 565，对象 3341，图元 198391；相机注视点 (0, 0) 距离 33.798
