Godot Engine v4.7.2.stable.mono.official.ed1daf0bf - https://godotengine.org
Metal 4.0 - Forward+ - Using Device #0: Apple - Apple M3 (Apple9)

[parts] 本次搭建地形部件：资源 678 件、程序生成 0 件（res://parts/terrain）
[batch] 障碍装饰合批 36 格：变体 15 种、子网格 24 个归入 MultiMesh 24 个、实例 59 个；未合批（逐格各建节点）0 格；场景面砖 0 格、MultiMesh 0 个
[batch] 地砖与台面归并（节点逐格保留，共用资源）：面砖材质 8 份、衬底材质 8 份、描边 / 边框材质 1 份、盒网格 0 份
[siege] 地图 siege-4p-base-v5，对局种子 6，你是 红方(P0)，AI 难度 标准（Standard，前瞻宽度 0），AI 评价权重 EvaluationWeights { PowerGain = 10, EnemyLoss = 8, Relic = 6, Safety = 35, Growth = 4, Initiative = 20, Supply = 2, Eye = 200, Threat = 25 }，自动演示模式（跑满 14 个大回合停止）
[parts] 本次搭建地形部件：资源 678 件、程序生成 0 件（res://parts/terrain）
[batch] 障碍装饰合批 36 格：变体 15 种、子网格 24 个归入 MultiMesh 24 个、实例 59 个；未合批（逐格各建节点）0 格；场景面砖 0 格、MultiMesh 0 个
[batch] 地砖与台面归并（节点逐格保留，共用资源）：面砖材质 12 份、衬底材质 12 份、描边 / 边框材质 3 份、盒网格 0 份
2026-10-05 12:21:25.792 Godot[41192:1472835] error messaging the mach port for IMKCFRunLoopWakeUpReliable
[auto-demo] 第 4 帧暂放匠人 B1：已选 立栅 A1–A2，可改造目标 9 个（桥 0 / 栅 9 / 林 0）；格目标 无；工坊 未生效
[terrain-edit] 第 10 帧、第 1 大回合落成：立栅 A1–A2
[parts] 本次搭建地形部件：资源 679 件、程序生成 0 件（res://parts/terrain）
[batch] 障碍装饰合批 36 格：变体 15 种、子网格 24 个归入 MultiMesh 24 个、实例 59 个；未合批（逐格各建节点）0 格；场景面砖 0 格、MultiMesh 0 个
[batch] 地砖与台面归并（节点逐格保留，共用资源）：面砖材质 12 份、衬底材质 12 份、描边 / 边框材质 3 份、盒网格 0 份
[show] 第 11 帧 本机结算：节拍 4（落子 1 / 提子 0 / 信物 1 / 揭示 1·最高 1 档 / 势力 4 / 横幅 0），零时长
[show] 第 11 帧 AI结算：节拍 4（落子 3 / 提子 0 / 信物 2 / 揭示 1·最高 3 档 / 势力 4 / 横幅 0），零时长
[show] 第 12 帧 AI结算：节拍 4（落子 3 / 提子 0 / 信物 1 / 揭示 1·最高 1 档 / 势力 3 / 横幅 0），零时长
[show] 第 13 帧 AI结算：节拍 5（落子 3 / 提子 1 / 信物 0 / 揭示 2·最高 1 档 / 势力 3 / 横幅 1），零时长
[show] 第 14 帧 AI结算：节拍 3（落子 3 / 提子 0 / 信物 0 / 揭示 1·最高 4 档 / 势力 1 / 横幅 0），零时长
[show] 第 15 帧 AI结算：节拍 0（落子 0 / 提子 0 / 信物 0 / 揭示 0 / 势力 0 / 横幅 0），零时长
[show] 第 16 帧 AI结算：节拍 3（落子 2 / 提子 0 / 信物 0 / 揭示 1·最高 4 档 / 势力 2 / 横幅 0），零时长
[show] 第 17 帧 AI结算：节拍 0（落子 0 / 提子 0 / 信物 0 / 揭示 0 / 势力 0 / 横幅 0），零时长
[show] 第 18 帧 AI结算：节拍 4（落子 1 / 提子 1 / 信物 0 / 揭示 1·最高 2 档 / 势力 2 / 横幅 0），零时长
[show] 第 19 帧 AI结算：节拍 0（落子 0 / 提子 0 / 信物 0 / 揭示 0 / 势力 0 / 横幅 0），零时长
[show] 第 20 帧 AI结算：节拍 4（落子 3 / 提子 0 / 信物 2 / 揭示 2·最高 2 档 / 势力 1 / 横幅 0），零时长
[show] 第 21 帧 AI结算：节拍 4（落子 3 / 提子 0 / 信物 3 / 揭示 3·最高 2 档 / 势力 1 / 横幅 0），零时长
[show] 第 22 帧 AI结算：节拍 4（落子 4 / 提子 0 / 信物 2 / 揭示 4·最高 2 档 / 势力 2 / 横幅 0），零时长
[show] 第 23 帧 AI结算：节拍 3（落子 3 / 提子 0 / 信物 0 / 揭示 2·最高 3 档 / 势力 2 / 横幅 0），零时长
[show] 第 24 帧 AI结算：节拍 3（落子 4 / 提子 0 / 信物 0 / 揭示 4·最高 1 档 / 势力 3 / 横幅 0），零时长
[show] 第 25 帧 AI结算：节拍 3（落子 4 / 提子 0 / 信物 0 / 揭示 4·最高 1 档 / 势力 2 / 横幅 0），零时长
[show] 第 26 帧 AI结算：节拍 4（落子 4 / 提子 0 / 信物 2 / 揭示 4·最高 5 档 / 势力 2 / 横幅 0），零时长
[show] 第 27 帧 AI结算：节拍 3（落子 4 / 提子 0 / 信物 0 / 揭示 4·最高 2 档 / 势力 3 / 横幅 0），零时长
[show] 第 28 帧 AI结算：节拍 3（落子 3 / 提子 0 / 信物 0 / 揭示 2·最高 3 档 / 势力 2 / 横幅 0），零时长
[show] 第 29 帧 AI结算：节拍 3（落子 2 / 提子 0 / 信物 0 / 揭示 1·最高 3 档 / 势力 2 / 横幅 0），零时长
[show] 第 30 帧 AI结算：节拍 3（落子 1 / 提子 0 / 信物 0 / 揭示 1·最高 2 档 / 势力 2 / 横幅 0），零时长
[show] 第 31 帧 AI结算：节拍 4（落子 3 / 提子 1 / 信物 0 / 揭示 3·最高 4 档 / 势力 3 / 横幅 0），零时长
[show] 第 32 帧 AI结算：节拍 3（落子 4 / 提子 0 / 信物 0 / 揭示 4·最高 5 档 / 势力 2 / 横幅 0），零时长
[show] 第 33 帧 AI结算：节拍 4（落子 1 / 提子 1 / 信物 0 / 揭示 1·最高 2 档 / 势力 3 / 横幅 0），零时长
[show] 第 34 帧 AI结算：节拍 4（落子 2 / 提子 2 / 信物 0 / 揭示 2·最高 4 档 / 势力 3 / 横幅 0），零时长
[show] 第 35 帧 AI结算：节拍 4（落子 3 / 提子 1 / 信物 0 / 揭示 3·最高 5 档 / 势力 2 / 横幅 0），3850 ms
[camera] 第 35 帧 跟随对手：4 个目标格不在画面中央，镜头移过去
[sound] 第 57 帧（演出 16 ms）提示：落子·1 档（升 0 半音，音高 ×1.00）；没有音频节点，不发声
[sound] 第 72 帧（演出 256 ms）提示：落子·1 档（升 0 半音，音高 ×1.00）；没有音频节点，不发声
[sound] 第 88 帧（演出 512 ms）提示：落子·1 档（升 0 半音，音高 ×1.00）；没有音频节点，不发声
[sound] 第 103 帧（演出 752 ms）提示：提子·1 档（升 0 半音，音高 ×1.00）；没有音频节点，不发声
[sound] 第 141 帧（演出 1360 ms）提示：揭示·1 档（升 0 半音，音高 ×1.00）；没有音频节点，不发声
[sound] 第 151 帧（演出 1520 ms）提示：揭示·1 档（升 0 半音，音高 ×1.00）；没有音频节点，不发声
[sound] 第 161 帧（演出 1680 ms）提示：揭示·1 档（升 0 半音，音高 ×1.00）；没有音频节点，不发声
[sound] 第 171 帧（演出 1840 ms）提示：揭示·2 档（升 2 半音，音高 ×1.12）；没有音频节点，不发声
[sound] 第 181 帧（演出 2000 ms）提示：揭示·2 档（升 2 半音，音高 ×1.12）；没有音频节点，不发声
[sound] 第 191 帧（演出 2160 ms）提示：揭示·3 档（升 4 半音，音高 ×1.26）；没有音频节点，不发声
[sound] 第 201 帧（演出 2320 ms）提示：揭示·4 档（升 7 半音，音高 ×1.50）；没有音频节点，不发声
[sound] 第 211 帧（演出 2480 ms）提示：揭示·5 档（升 12 半音，音高 ×2.00）；没有音频节点，不发声
[shake] 第 211 帧（演出 2480 ms）轻震开始：注视点 (0, 0) 距离 18.854
[life-shape] 截图取景：当前行动 紫方(P3)，禁入格 25，已活棋串 10，棋串读法 关
[siege] 截图 /Users/rubioc/game_demo/art/tiered-number-show/reveal-real-tier5.png：Ok（1600×900，第 221 帧，第 9 大回合，信息层 关，手牌信息面板 关，中央面板 关）
[siege] 势力栏：红方(P0) 势力 0（领地 0 + 棋串 0）；蓝方(P1) 势力 170（领地 16 + 棋串 154）；金方(P2) 势力 60（领地 12 + 棋串 48）；紫方(P3) 势力 64（领地 12 + 棋串 52）
[siege] 独占格 40（蓝方(P1) 16、金方(P2) 12、紫方(P3) 12）
[siege] 势力排名面板 左 1150 右 1586 / 视口宽 1600：完整可见
[siege] 棋子：普通子 12（B2、C2、D2、M2、G4、B6、C7、C9、B10、G11、J11、M11）；堡垒子 12（D1、G2、H2、L2、G5、M8、A10、B11、N11、D12、L12、C13）；连珠子 9（B3、D3、N3、J5、E7、G9、J9、N10、K13）；倍增子 12（B1、L1、L4、E5、L5、H7、L7、M7、E9、A11、C11、F12）；协同子 6（K2、C3、M4、D7、J7、L13）；旗手子 1（B12）；铁链子 1（G10）；哨兵子 3（G7、K11、J12）；界碑子 1（M3）
[siege] 本局改造 1 处：立栅 A1–A2
[carry] 补给面板 关，结算面板 关；补给 —；档案存取 无（不读写档案）
[siege] 落成反馈：无
[show] 截图时演出：当前节拍 PowerRevealBeat，进度 796‰，时长模式 Normal；隐藏 0 枚，出现中 ，仍显示被提  淡出 0‰，势力显示 蓝方(P1) 126→170 现显示 126 +44 旧值；金方(P2) 61→60 现显示 61 −1 旧值；飘字 0 条，合计 无，信物闪光 无，横幅 无，中央面板 关
[show-perf] 演出帧 163 个；上一演出帧棋子节点 新建 0 / 销毁 0 / 原位更新 0 / 保持原实例 57；累计 新建 3 / 销毁 1 / 原位更新 84
[show-tier] 揭示条目 3 条：J12（蓝方(P1)）「1+2 = 3」最新一步「= 3」1 档 步内 1000‰ 已到末步（末步 1 档，结果年龄 681‰） → 字号 72 描边 10 弹出缩放 1.00；N11（蓝方(P1)）「6」最新一步「6」2 档 步内 1000‰ 已到末步（末步 2 档，结果年龄 567‰） → 字号 84 描边 12 弹出缩放 1.00；M3（蓝方(P1)）「(12+21)×3.375 = 111」最新一步「= 111」5 档 步内 320‰ 已到末步（末步 5 档，结果年龄 70‰） → 字号 156 描边 22 弹出缩放 1.28；亮环 M3 2 圈 385‰；轻震 616‰，相机偏移 (-0.0072, 0.0021)；势力栏放大 无
[show-tier] 常驻标注 31 条：1 档 16 条（字号 88：J5=1 J12=3 E5=1 G7=3 E9=1 G9=3 J9=1 B10=1 D2=2 G4=1 B6=1 C7=1 C9=1 G11=1 J11=1 F12=1）、2 档 10 条（字号 96：H7=6 N11=6 K11=4 D1=4 H2=4 G5=4 D7=5 G2=4 D12=4 C13=4）、3 档 2 条（字号 106：M7=13 L13=10）、4 档 2 条（字号 118：B2=21 B11=31）、5 档 1 条（字号 132：M3=111）；遮罩给的显现进度（reveal-label-handoff：0 不画，其余按进度取透明度，不在表里的完全显示）M3 0‰、N11 134‰、J12 362‰；演出帧里这一层重画 163 次
[perf] 帧率 117，单帧处理 29.9 ms，绘制调用 1549，对象 2776，图元 92783；相机注视点 (0, 0) 距离 18.854
