Godot Engine v4.7.2.stable.mono.official.ed1daf0bf - https://godotengine.org

[parts] 本次搭建地形部件：资源 48 件、程序生成 0 件（res://parts/terrain）
[siege] 地图 siege-4p-base-v5，对局种子 20260915，你是 红方(P0)，AI 难度 标准（Standard，前瞻宽度 0），AI 评价权重 EvaluationWeights { PowerGain = 10, EnemyLoss = 8, Relic = 6, Safety = 35, Growth = 4, Initiative = 20, Supply = 2, Eye = 200, Threat = 25 }，自动演示模式（跑满 4 个大回合停止）
[parts] 本次搭建地形部件：资源 48 件、程序生成 0 件（res://parts/terrain）
[auto-demo] 第 5 帧暂放匠人 B1：已选 立栅 A1–A2，可改造目标 9 个（桥 0 / 栅 9 / 林 0）；格目标 无；工坊 未生效
[terrain-edit] 第 11 帧、第 1 大回合落成：立栅 A1–A2
[parts] 本次搭建地形部件：资源 49 件、程序生成 0 件（res://parts/terrain）
[auto-demo] 第 19 帧暂放匠人 C1：已选 立栅 A1–B1，可改造目标 10 个（桥 0 / 栅 10 / 林 0）；格目标 无；工坊 未生效
[terrain-edit] 第 25 帧、第 2 大回合落成：立栅 A1–B1
[parts] 本次搭建地形部件：资源 50 件、程序生成 0 件（res://parts/terrain）
[terrain-edit] 第 27 帧、第 3 大回合落成：立栅 B11–B12
[parts] 本次搭建地形部件：资源 51 件、程序生成 0 件（res://parts/terrain）
[auto-demo] 第 32 帧暂放匠人 D1：已选 立栅 B1–C1，可改造目标 10 个（桥 0 / 栅 10 / 林 0）；格目标 无；工坊 未生效
[terrain-edit] 第 38 帧、第 3 大回合落成：立栅 B1–C1
[parts] 本次搭建地形部件：资源 52 件、程序生成 0 件（res://parts/terrain）
[auto-demo] 第 51 帧本批被拒，改为 Pass：自杀手——结算后己方棋串仍无气：B1
[auto-demo] 演示停止：跑满 4 个大回合（--rounds 停止点，不是终局；对局停在第 5 大回合）；无名次
[perf] 启动到首帧 1326 ms，启动到终局 6426 ms，共 53 帧
[camera] 开局对准自检：出生平台 13 格，整格在画面内 13；开局对准之后位姿变化 0 次（对手行动时相机不得移动）；通过

--- stderr ---

--- exit 0 (6.8s) ---
